DMI: 113x176 = 19888 punten, 249 batches
Model: dmi_harmonie_arome_europe, forecast_days=3, prefix=dmi_om
  batch 1/249 klaar
  batch 2/249 klaar
  batch 3/249 klaar
  batch 4/249 klaar
  batch 5/249 klaar
  batch 6/249 klaar
  batch 7/249 klaar
  batch 8/249 klaar
  batch 9/249 klaar
  batch 10/249 klaar
  batch 11/249 klaar
  batch 12/249 klaar
  batch 13/249 klaar
  batch 14/249 klaar
  batch 15/249 klaar
  batch 16/249 klaar
  batch 17/249 klaar
  batch 18/249 klaar
  batch 19/249 klaar
  batch 20/249 klaar
  batch 21/249 klaar
  batch 22/249 klaar
  batch 23/249 klaar
  batch 24/249 klaar
  batch 25/249 klaar
  batch 26/249 klaar
  batch 27/249 klaar
  batch 28/249 klaar
  batch 29/249 klaar
  batch 30/249 klaar
  batch 31/249 klaar
  batch 32/249 klaar
  batch 33/249 klaar
  batch 34/249 klaar
  batch 35/249 klaar
  batch 36/249 klaar
  batch 37/249 klaar
  batch 38/249 klaar
  batch 39/249 klaar
  batch 40/249 klaar
  batch 41/249 klaar
  batch 42/249 klaar
  batch 43/249 klaar
  batch 44/249 klaar
  batch 45/249 klaar
  batch 46/249 klaar
  batch 47/249 klaar
  batch 48/249 klaar
  batch 49/249 klaar
  batch 50/249 klaar
  batch 51/249 klaar
  batch 52/249 klaar
  batch 53/249 klaar
  batch 54/249 klaar
  batch 55/249 klaar
  batch 56/249 klaar
  batch 57/249 klaar
  batch 58/249 klaar
  batch 59/249 klaar
  batch 60/249 klaar
  batch 61/249 klaar
  batch 62/249 klaar
  batch 63/249 klaar
  batch 64/249 klaar
  batch 65/249 klaar
  batch 66/249 klaar
  batch 67/249 klaar
  batch 68/249 klaar
  batch 69/249 klaar
  batch 70/249 klaar
  batch 71/249 klaar
  batch 72/249 klaar
  batch 73/249 klaar
  batch 74/249 klaar
  batch 75/249 klaar
  batch 76/249 klaar
  batch 77/249 klaar
  batch 78/249 klaar
  batch 79/249 klaar
  batch 80/249 klaar
  batch 81/249 klaar
  batch 82/249 klaar
  batch 83/249 klaar
  batch 84/249 klaar
  batch 85/249 klaar
  batch 86/249 klaar
  batch 87/249 klaar
  batch 88/249 klaar
  batch 89/249 klaar
  batch 90/249 klaar
  batch 91/249 klaar
  batch 92/249 klaar
  batch 93/249 klaar
  batch 94/249 klaar
  batch 95/249 klaar
  batch 96/249 klaar
  batch 97/249 klaar
  batch 98/249 klaar
  batch 99/249 klaar
  batch 100/249 klaar
  batch 101/249 klaar
  batch 102/249 klaar
  batch 103/249 klaar
  batch 104/249 klaar
  batch 105/249 klaar
  batch 106/249 klaar
  batch 107/249 klaar
  batch 108/249 klaar
  batch 109/249 klaar
  batch 110/249 klaar
  batch 111/249 klaar
  batch 112/249 klaar
  batch 113/249 klaar
  batch 114/249 klaar
  batch 115/249 klaar
  batch 116/249 klaar
  batch 117/249 klaar
  batch 118/249 klaar
  batch 119/249 klaar
  batch 120/249 klaar
  batch 121/249 klaar
  batch 122/249 klaar
  batch 123/249 klaar
  batch 124/249 klaar
  batch 125/249 klaar
  batch 126/249 klaar
  batch 127/249 klaar
  batch 128/249 klaar
  batch 129/249 klaar
  batch 130/249 klaar
  batch 131/249 klaar
  batch 132/249 klaar
  batch 133/249 klaar
  batch 134/249 klaar
  batch 135/249 klaar
  batch 136/249 klaar
  batch 137/249 klaar
  batch 138/249 klaar
  batch 139/249 klaar
  batch 140/249 klaar
  batch 141/249 klaar
  batch 142/249 klaar
  batch 143/249 klaar
  batch 144/249 klaar
  batch 145/249 klaar
  batch 146/249 klaar
  batch 147/249 klaar
  batch 148/249 klaar
  batch 149/249 klaar
  batch 150/249 klaar
  batch 151/249 klaar
  batch 152/249 klaar
  batch 153/249 klaar
  batch 154/249 klaar
  batch 155/249 klaar
  batch 156/249 klaar
  batch 157/249 klaar
  batch 158/249 klaar
  batch 159/249 klaar
  batch 160/249 klaar
  batch 161/249 klaar
  batch 162/249 klaar
  batch 163/249 klaar
  batch 164/249 klaar
  batch 165/249 klaar
  batch 166/249 klaar
  batch 167/249 klaar
  batch 168/249 klaar
  batch 169/249 klaar
  batch 170/249 klaar
  batch 171/249 klaar
  batch 172/249 klaar
  batch 173/249 klaar
  batch 174/249 klaar
  batch 175/249 klaar
  batch 176/249 klaar
  batch 177/249 klaar
  batch 178/249 klaar
  batch 179/249 klaar
  batch 180/249 klaar
  batch 181/249 klaar
  batch 182/249 klaar
  batch 183/249 klaar
  batch 184/249 klaar
  batch 185/249 klaar
  batch 186/249 klaar
  batch 187/249 klaar
  batch 188/249 klaar
  batch 189/249 klaar
  batch 190/249 klaar
  batch 191/249 klaar
  batch 192/249 klaar
  batch 193/249 klaar
  batch 194/249 klaar
  batch 195/249 klaar
  batch 196/249 klaar
  batch 197/249 klaar
  batch 198/249 klaar
  batch 199/249 klaar
  batch 200/249 klaar
  batch 201/249 klaar
  batch 202/249 klaar
  batch 203/249 klaar
  batch 204/249 klaar
  batch 205/249 klaar
  batch 206/249 klaar
  batch 207/249 klaar
  batch 208/249 klaar
  batch 209/249 klaar
  batch 210/249 klaar
  batch 211/249 klaar
  batch 212/249 klaar
  batch 213/249 klaar
  batch 214/249 klaar
  batch 215/249 klaar
  batch 216/249 klaar
  batch 217/249 klaar
  batch 218/249 klaar
  batch 219/249 klaar
  batch 220/249 klaar
  batch 221/249 klaar
  batch 222/249 klaar
  batch 223/249 klaar
  batch 224/249 klaar
  batch 225/249 klaar
  batch 226/249 klaar
  batch 227/249 klaar
  batch 228/249 klaar
  batch 229/249 klaar
  batch 230/249 klaar
  batch 231/249 klaar
  batch 232/249 klaar
  batch 233/249 klaar
  batch 234/249 klaar
  batch 235/249 klaar
  batch 236/249 klaar
  batch 237/249 klaar
  batch 238/249 klaar
  batch 239/249 klaar
  batch 240/249 klaar
  batch 241/249 klaar
  batch 242/249 klaar
  batch 243/249 klaar
  batch 244/249 klaar
  batch 245/249 klaar
  batch 246/249 klaar
  batch 247/249 klaar
  batch 248/249 klaar
  batch 249/249 klaar
  Tijdstappen na trim: 61 (2026-06-26T00:00 t/m 2026-06-28T12:00)
  dmi_om_data_neerslag.bin: 4.6 MB
  dmi_om_data_cumul.bin: 4.6 MB
  dmi_om_data_temp.bin: 4.6 MB
  dmi_om_data_dauwpunt.bin: 4.6 MB
  dmi_om_data_rv.bin: 4.6 MB
  dmi_om_data_bewolking.bin: 13.9 MB
  dmi_om_data_wind.bin: 9.3 MB
  dmi_om_data_windstoten.bin: 9.3 MB
  dmi_om_data_druk.bin: 4.6 MB
  dmi_om_data_cape.bin: 4.6 MB
  dmi_om_data_straling.bin: 4.6 MB
  dmi_om_data_straling_direct.bin: 4.6 MB
  dmi_om_canvas_meta.json: 61 stappen, 2026-06-26T00:00 t/m 2026-06-28T12:00
   R2: dmi_om_canvas_meta.json (0.0 MB)
   R2: dmi_om_data_bewolking.bin (13.9 MB)
   R2: dmi_om_data_cape.bin (4.6 MB)
   R2: dmi_om_data_cumul.bin (4.6 MB)
   R2: dmi_om_data_dauwpunt.bin (4.6 MB)
   R2: dmi_om_data_druk.bin (4.6 MB)
   R2: dmi_om_data_neerslag.bin (4.6 MB)
   R2: dmi_om_data_rv.bin (4.6 MB)
   R2: dmi_om_data_straling.bin (4.6 MB)
   R2: dmi_om_data_straling_direct.bin (4.6 MB)
   R2: dmi_om_data_temp.bin (4.6 MB)
   R2: dmi_om_data_wind.bin (9.3 MB)
   R2: dmi_om_data_windstoten.bin (9.3 MB)
R2 upload klaar.
Klaar.
