UKMO 2km Open-Meteo: 294x178 = 52332 punten, 873 batches
  batch 10/873 (3s)
  batch 20/873 (5s)
  batch 30/873 (8s)
  batch 40/873 (10s)
  batch 50/873 (13s)
  batch 60/873 (16s)
  batch 70/873 (18s)
  batch 80/873 (21s)
  batch 90/873 (23s)
  batch 100/873 (26s)
  batch 110/873 (28s)
  batch 120/873 (31s)
  batch 130/873 (34s)
  batch 140/873 (36s)
  batch 150/873 (39s)
  batch 160/873 (42s)
  batch 170/873 (44s)
  batch 180/873 (47s)
  batch 190/873 (50s)
  batch 200/873 (52s)
  batch 210/873 (55s)
  batch 220/873 (57s)
  batch 230/873 (60s)
  batch 240/873 (62s)
  batch 250/873 (65s)
  batch 260/873 (68s)
  batch 270/873 (70s)
  batch 280/873 (73s)
  batch 290/873 (76s)
  batch 300/873 (78s)
  batch 310/873 (81s)
  batch 320/873 (83s)
  batch 330/873 (86s)
  batch 340/873 (89s)
  batch 350/873 (91s)
  batch 360/873 (94s)
  batch 370/873 (96s)
  batch 380/873 (99s)
  batch 390/873 (102s)
  batch 400/873 (104s)
  batch 410/873 (107s)
  batch 420/873 (109s)
  batch 430/873 (112s)
  batch 440/873 (115s)
  batch 450/873 (117s)
  batch 460/873 (120s)
  batch 470/873 (123s)
  batch 480/873 (125s)
  batch 490/873 (128s)
  batch 500/873 (131s)
  batch 510/873 (133s)
  batch 520/873 (136s)
  batch 530/873 (139s)
  batch 540/873 (141s)
  batch 550/873 (144s)
  batch 560/873 (147s)
  batch 570/873 (149s)
  batch 580/873 (152s)
  batch 590/873 (155s)
  batch 600/873 (157s)
  batch 610/873 (160s)
  batch 620/873 (163s)
  batch 630/873 (166s)
  batch 640/873 (168s)
  batch 650/873 (171s)
  batch 660/873 (174s)
  batch 670/873 (176s)
  batch 680/873 (179s)
  batch 690/873 (181s)
  batch 700/873 (184s)
  batch 710/873 (187s)
  batch 720/873 (189s)
  batch 730/873 (192s)
  batch 740/873 (194s)
  batch 750/873 (197s)
  batch 760/873 (199s)
  batch 770/873 (202s)
  batch 780/873 (205s)
  batch 790/873 (207s)
  batch 800/873 (210s)
  batch 810/873 (212s)
  batch 820/873 (215s)
  batch 830/873 (217s)
  batch 840/873 (220s)
  batch 850/873 (222s)
  batch 860/873 (225s)
  batch 870/873 (228s)
  batch 873/873 (228s)
  staart 11 lege stappen verwijderd
  54 tijdstappen (2026-06-27T00:00 t/m 2026-06-29T05:00)
  ukmo_om_data_neerslag.bin: 2.7 MB (u8)
  ukmo_om_data_cumul.bin: 2.7 MB (u8)
  ukmo_om_data_radar.bin: 2.7 MB (u8)
  ukmo_om_data_temp.bin: 10.8 MB
  ukmo_om_data_dauwpunt.bin: 10.8 MB
  ukmo_om_data_rv.bin: 10.8 MB
  ukmo_om_data_bewolking.bin: 32.3 MB
  ukmo_om_data_wind.bin: 21.6 MB
  ukmo_om_data_windstoten.bin: 21.6 MB
  ukmo_om_data_druk.bin: 10.8 MB
  ukmo_om_data_cape.bin: 10.8 MB
  ukmo_om_data_straling.bin: 10.8 MB
  ukmo_om_data_cumstraling.bin: 10.8 MB
  ukmo_om_canvas_meta.json: 54 stappen
   R2: ukmo_om_canvas_meta.json (0.0 MB → 0.0 gz)
   R2: ukmo_om_data_bewolking.bin (32.3 MB → 2.5 gz)
   R2: ukmo_om_data_cape.bin (10.8 MB → 1.8 gz)
   R2: ukmo_om_data_cumstraling.bin (10.8 MB → 2.8 gz)
   R2: ukmo_om_data_cumul.bin (2.7 MB → 0.9 gz)
   R2: ukmo_om_data_dauwpunt.bin (10.8 MB → 2.0 gz)
   R2: ukmo_om_data_druk.bin (10.8 MB → 0.6 gz)
   R2: ukmo_om_data_neerslag.bin (2.7 MB → 0.2 gz)
   R2: ukmo_om_data_radar.bin (2.7 MB → 0.2 gz)
   R2: ukmo_om_data_rv.bin (10.8 MB → 4.6 gz)
   R2: ukmo_om_data_straling.bin (10.8 MB → 1.7 gz)
   R2: ukmo_om_data_straling_direct.bin (2.6 MB → 0.3 gz)
   R2: ukmo_om_data_temp.bin (10.8 MB → 2.1 gz)
   R2: ukmo_om_data_wind.bin (21.6 MB → 10.0 gz)
   R2: ukmo_om_data_windstoten.bin (21.6 MB → 2.3 gz)
Klaar.
