=== Ed Aldus WM — upload ma 16 mrt. 2026 04:23:20 CET ===
MOSMIX ophalen (temperatuur)...
Ophalen: Eelde (06280)...
Ophalen: Terschelling (06250)...
Ophalen: Vlieland (06242)...
Ophalen: Leeuwarden (06270)...
Ophalen: Den Helder (06235)...
Ophalen: Amsterdam (06240)...
Ophalen: De Bilt (06260)...
Ophalen: Deelen (06275)...
Ophalen: Hoogeveen (06279)...
Ophalen: Enschede (06290)...
Ophalen: Vlissingen (06310)...
Ophalen: Hoek van Holland (06330)...
Ophalen: Rotterdam Airport (06344)...
Ophalen: Gilze Rijen (06350)...
Ophalen: Eindhoven (06370)...
Ophalen: Maastricht (06380)...
Ophalen: Gent (06431)...
Ophalen: Antwerpen (06450)...
Ophalen: Kleve (K1176)...
Ophalen: Brussel (06451)...
Ophalen: Kleine Brogel (06479)...
Ophalen: Dollart (E207)...
Ophalen: Wielen (P0122)...
Ophalen: Weeze (10405)...
Ophalen: Valkenburg (06210)...
Ophalen: Volkel (06375)...
Ophalen: Bocholt (10406)...
Ophalen: Nettetal (H512)...
Ophalen: IJsselmeer (E5305)...
Ophalen: Borkum (K1083)...
Ophalen: Geilenkirchen (10500)...
Data voor 10 dagen
Kaart: kaart_maandag_16mar2026.png
Kaart: kaart_dinsdag_17mar2026.png
Kaart: kaart_woensdag_18mar2026.png
Kaart: kaart_donderdag_19mar2026.png
Kaart: kaart_vrijdag_20mar2026.png
Kaart: kaart_zaterdag_21mar2026.png
Kaart: kaart_zondag_22mar2026.png
Kaart: kaart_maandag_23mar2026.png
Kaart: kaart_dinsdag_24mar2026.png
Kaart: kaart_woensdag_25mar2026.png
MOSMIX ophalen (zon/bewolking)...
Ophalen: Eelde (06280)...
Ophalen: Terschelling (06250)...
Ophalen: Vlieland (06242)...
Ophalen: Leeuwarden (06270)...
Ophalen: Den Helder (06235)...
Ophalen: Amsterdam (06240)...
Ophalen: De Bilt (06260)...
Ophalen: Deelen (06275)...
Ophalen: Hoogeveen (06279)...
Ophalen: Enschede (06290)...
Ophalen: Hoek van Holland (06330)...
Ophalen: Rotterdam Airport (06344)...
Ophalen: Gilze Rijen (06350)...
Ophalen: Eindhoven (06370)...
Ophalen: Maastricht (06380)...
Ophalen: Kleve (K1176)...
Ophalen: Kleine Brogel (06479)...
Ophalen: Dollart (E207)...
Ophalen: Wielen (P0122)...
Ophalen: Weeze (10405)...
Ophalen: Valkenburg (06210)...
Ophalen: Volkel (06375)...
Ophalen: Bocholt (10406)...
Ophalen: Nettetal (H512)...
Ophalen: IJsselmeer (E5305)...
Ophalen: Borkum (K1083)...
Ophalen: Geilenkirchen (10500)...
Data voor 10 dagen
Kaart: kaart_zon_zondag_15mar2026.png
Kaart: kaart_zon_maandag_16mar2026.png
Kaart: kaart_zon_dinsdag_17mar2026.png
Kaart: kaart_zon_woensdag_18mar2026.png
Kaart: kaart_zon_donderdag_19mar2026.png
Kaart: kaart_zon_vrijdag_20mar2026.png
Kaart: kaart_zon_zaterdag_21mar2026.png
Kaart: kaart_zon_zondag_22mar2026.png
Kaart: kaart_zon_maandag_23mar2026.png
Kaart: kaart_zon_dinsdag_24mar2026.png
MOSMIX ophalen (wind dag 06-18u)...
Ophalen: Eelde (06280)...
Ophalen: Terschelling (06250)...
Ophalen: Vlieland (06242)...
Ophalen: Leeuwarden (06270)...
Ophalen: Den Helder (06235)...
Ophalen: Amsterdam (06240)...
Ophalen: De Bilt (06260)...
Ophalen: Deelen (06275)...
Ophalen: Hoogeveen (06279)...
Ophalen: Enschede (06290)...
Ophalen: Vlissingen (06310)...
Ophalen: Hoek van Holland (06330)...
Ophalen: Rotterdam Airport (06344)...
Ophalen: Gilze Rijen (06350)...
Ophalen: Eindhoven (06370)...
Ophalen: Maastricht (06380)...
Ophalen: Gent (06431)...
Ophalen: Antwerpen (06450)...
Ophalen: Kleve (K1176)...
Ophalen: Brussel (06451)...
Ophalen: Kleine Brogel (06479)...
Ophalen: Dollart (E207)...
Ophalen: Wielen (P0122)...
Ophalen: Weeze (10405)...
Ophalen: Valkenburg (06210)...
Ophalen: Volkel (06375)...
Ophalen: Bocholt (10406)...
Ophalen: Nettetal (H512)...
Ophalen: IJsselmeer (E5305)...
Ophalen: Borkum (K1083)...
Ophalen: Geilenkirchen (10500)...
Data voor 10 dagen
Kaart: kaart_wind_maandag_16mar2026.png
Kaart: kaart_wind_dinsdag_17mar2026.png
Kaart: kaart_wind_woensdag_18mar2026.png
Kaart: kaart_wind_donderdag_19mar2026.png
Kaart: kaart_wind_vrijdag_20mar2026.png
Kaart: kaart_wind_zaterdag_21mar2026.png
Kaart: kaart_wind_zondag_22mar2026.png
Kaart: kaart_wind_maandag_23mar2026.png
Kaart: kaart_wind_dinsdag_24mar2026.png
Kaart: kaart_wind_woensdag_25mar2026.png
MOSMIX ophalen (wind nacht 18-06u)...
Ophalen: Eelde (06280)...
Ophalen: Terschelling (06250)...
Ophalen: Vlieland (06242)...
Ophalen: Leeuwarden (06270)...
Ophalen: Den Helder (06235)...
Ophalen: Amsterdam (06240)...
Ophalen: De Bilt (06260)...
Ophalen: Deelen (06275)...
Ophalen: Hoogeveen (06279)...
Ophalen: Enschede (06290)...
Ophalen: Vlissingen (06310)...
Ophalen: Hoek van Holland (06330)...
Ophalen: Rotterdam Airport (06344)...
Ophalen: Gilze Rijen (06350)...
Ophalen: Eindhoven (06370)...
Ophalen: Maastricht (06380)...
Ophalen: Gent (06431)...
Ophalen: Antwerpen (06450)...
Ophalen: Kleve (K1176)...
Ophalen: Brussel (06451)...
Ophalen: Kleine Brogel (06479)...
Ophalen: Dollart (E207)...
Ophalen: Wielen (P0122)...
Ophalen: Weeze (10405)...
Ophalen: Valkenburg (06210)...
Ophalen: Volkel (06375)...
Ophalen: Bocholt (10406)...
Ophalen: Nettetal (H512)...
Ophalen: IJsselmeer (E5305)...
Ophalen: Borkum (K1083)...
Ophalen: Geilenkirchen (10500)...
Data voor 10 dagen
Kaart: kaart_wind_nacht_zondag_15mar2026.png
Kaart: kaart_wind_nacht_maandag_16mar2026.png
Kaart: kaart_wind_nacht_dinsdag_17mar2026.png
Kaart: kaart_wind_nacht_woensdag_18mar2026.png
Kaart: kaart_wind_nacht_donderdag_19mar2026.png
Kaart: kaart_wind_nacht_vrijdag_20mar2026.png
Kaart: kaart_wind_nacht_zaterdag_21mar2026.png
Kaart: kaart_wind_nacht_zondag_22mar2026.png
Kaart: kaart_wind_nacht_maandag_23mar2026.png
Kaart: kaart_wind_nacht_dinsdag_24mar2026.png
MOSMIX ophalen (mist/zichtbaarheid)...
Ophalen: Eelde (06280)...
Ophalen: Terschelling (06250)...
Ophalen: Vlieland (06242)...
Ophalen: Leeuwarden (06270)...
Ophalen: Den Helder (06235)...
Ophalen: Amsterdam (06240)...
Ophalen: De Bilt (06260)...
Ophalen: Deelen (06275)...
Ophalen: Hoogeveen (06279)...
Ophalen: Enschede (06290)...
Ophalen: Vlissingen (06310)...
Ophalen: Hoek van Holland (06330)...
Ophalen: Rotterdam Airport (06344)...
Ophalen: Gilze Rijen (06350)...
Ophalen: Eindhoven (06370)...
Ophalen: Maastricht (06380)...
Ophalen: Gent (06431)...
Ophalen: Antwerpen (06450)...
Ophalen: Kleve (K1176)...
Ophalen: Brussel (06451)...
Ophalen: Kleine Brogel (06479)...
Ophalen: Dollart (E207)...
Ophalen: Wielen (P0122)...
Ophalen: Weeze (10405)...
Ophalen: Valkenburg (06210)...
Ophalen: Volkel (06375)...
Ophalen: Bocholt (10406)...
Ophalen: Nettetal (H512)...
Ophalen: IJsselmeer (E5305)...
Ophalen: Borkum (K1083)...
Ophalen: Geilenkirchen (10500)...
Data voor 10 dagen
Kaart: kaart_mist_maandag_16mar2026.png
Kaart: kaart_mist_dinsdag_17mar2026.png
Kaart: kaart_mist_woensdag_18mar2026.png
Kaart: kaart_mist_donderdag_19mar2026.png
Kaart: kaart_mist_vrijdag_20mar2026.png
Kaart: kaart_mist_zaterdag_21mar2026.png
Kaart: kaart_mist_zondag_22mar2026.png
Kaart: kaart_mist_maandag_23mar2026.png
Kaart: kaart_mist_dinsdag_24mar2026.png
Kaart: kaart_mist_woensdag_25mar2026.png
MOSMIX ophalen (T5cm grastemperatuur)...
Ophalen: Eelde (06280)...
Ophalen: Terschelling (06250)...
Ophalen: Vlieland (06242)...
Ophalen: Leeuwarden (06270)...
Ophalen: Den Helder (06235)...
Ophalen: Amsterdam (06240)...
Ophalen: De Bilt (06260)...
Ophalen: Deelen (06275)...
Ophalen: Hoogeveen (06279)...
Ophalen: Enschede (06290)...
Ophalen: Vlissingen (06310)...
Ophalen: Hoek van Holland (06330)...
Ophalen: Rotterdam Airport (06344)...
Ophalen: Gilze Rijen (06350)...
Ophalen: Eindhoven (06370)...
Ophalen: Maastricht (06380)...
Ophalen: Gent (06431)...
Ophalen: Antwerpen (06450)...
Ophalen: Kleve (K1176)...
Ophalen: Brussel (06451)...
Ophalen: Kleine Brogel (06479)...
Ophalen: Dollart (E207)...
Ophalen: Wielen (P0122)...
Ophalen: Weeze (10405)...
Ophalen: Valkenburg (06210)...
Ophalen: Volkel (06375)...
Ophalen: Bocholt (10406)...
Ophalen: Nettetal (H512)...
Ophalen: IJsselmeer (E5305)...
Ophalen: Borkum (K1083)...
Ophalen: Geilenkirchen (10500)...
Data voor 10 dagen
Kaart: kaart_t5cm_maandag_16mar2026.png
Kaart: kaart_t5cm_dinsdag_17mar2026.png
Kaart: kaart_t5cm_woensdag_18mar2026.png
Kaart: kaart_t5cm_donderdag_19mar2026.png
Kaart: kaart_t5cm_vrijdag_20mar2026.png
Kaart: kaart_t5cm_zaterdag_21mar2026.png
Kaart: kaart_t5cm_zondag_22mar2026.png
Kaart: kaart_t5cm_maandag_23mar2026.png
Kaart: kaart_t5cm_dinsdag_24mar2026.png
Kaart: kaart_t5cm_woensdag_25mar2026.png
MOSMIX ophalen (dauwpunt Td2)...
Ophalen: Eelde (06280)...
Ophalen: Terschelling (06250)...
Ophalen: Vlieland (06242)...
Ophalen: Leeuwarden (06270)...
Ophalen: Den Helder (06235)...
Ophalen: Amsterdam (06240)...
Ophalen: De Bilt (06260)...
Ophalen: Deelen (06275)...
Ophalen: Hoogeveen (06279)...
Ophalen: Enschede (06290)...
Ophalen: Vlissingen (06310)...
Ophalen: Hoek van Holland (06330)...
Ophalen: Rotterdam Airport (06344)...
Ophalen: Gilze Rijen (06350)...
Ophalen: Eindhoven (06370)...
Ophalen: Maastricht (06380)...
Ophalen: Gent (06431)...
Ophalen: Antwerpen (06450)...
Ophalen: Kleve (K1176)...
Ophalen: Brussel (06451)...
Ophalen: Kleine Brogel (06479)...
Ophalen: Dollart (E207)...
Ophalen: Wielen (P0122)...
Ophalen: Weeze (10405)...
Ophalen: Valkenburg (06210)...
Ophalen: Volkel (06375)...
Ophalen: Bocholt (10406)...
Ophalen: Nettetal (H512)...
Ophalen: IJsselmeer (E5305)...
Ophalen: Borkum (K1083)...
Ophalen: Geilenkirchen (10500)...
Data voor 10 dagen
Kaart: kaart_dauwpunt_maandag_16mar2026.png
Kaart: kaart_dauwpunt_dinsdag_17mar2026.png
Kaart: kaart_dauwpunt_woensdag_18mar2026.png
Kaart: kaart_dauwpunt_donderdag_19mar2026.png
Kaart: kaart_dauwpunt_vrijdag_20mar2026.png
Kaart: kaart_dauwpunt_zaterdag_21mar2026.png
Kaart: kaart_dauwpunt_zondag_22mar2026.png
Kaart: kaart_dauwpunt_maandag_23mar2026.png
Kaart: kaart_dauwpunt_dinsdag_24mar2026.png
Kaart: kaart_dauwpunt_woensdag_25mar2026.png
MOSMIX ophalen (gevoelstemperatuur berekend via TTT+FF)...
Ophalen: Eelde (06280)...
Ophalen: Terschelling (06250)...
Ophalen: Vlieland (06242)...
Ophalen: Leeuwarden (06270)...
Ophalen: Den Helder (06235)...
Ophalen: Amsterdam (06240)...
Ophalen: De Bilt (06260)...
Ophalen: Deelen (06275)...
Ophalen: Hoogeveen (06279)...
Ophalen: Enschede (06290)...
Ophalen: Vlissingen (06310)...
Ophalen: Hoek van Holland (06330)...
Ophalen: Rotterdam Airport (06344)...
Ophalen: Gilze Rijen (06350)...
Ophalen: Eindhoven (06370)...
Ophalen: Maastricht (06380)...
Ophalen: Gent (06431)...
Ophalen: Antwerpen (06450)...
Ophalen: Kleve (K1176)...
Ophalen: Brussel (06451)...
Ophalen: Kleine Brogel (06479)...
Ophalen: Dollart (E207)...
Ophalen: Wielen (P0122)...
Ophalen: Weeze (10405)...
Ophalen: Valkenburg (06210)...
Ophalen: Volkel (06375)...
Ophalen: Bocholt (10406)...
Ophalen: Nettetal (H512)...
Ophalen: IJsselmeer (E5305)...
Ophalen: Borkum (K1083)...
Ophalen: Geilenkirchen (10500)...
Data voor 10 dagen
Kaart: kaart_gevoels_zondag_15mar2026.png
Kaart: kaart_gevoels_maandag_16mar2026.png
Kaart: kaart_gevoels_dinsdag_17mar2026.png
Kaart: kaart_gevoels_woensdag_18mar2026.png
Kaart: kaart_gevoels_donderdag_19mar2026.png
Kaart: kaart_gevoels_vrijdag_20mar2026.png
Kaart: kaart_gevoels_zaterdag_21mar2026.png
Kaart: kaart_gevoels_zondag_22mar2026.png
Kaart: kaart_gevoels_maandag_23mar2026.png
Kaart: kaart_gevoels_dinsdag_24mar2026.png
MOSMIX ophalen (neerslag)...
Ophalen: Eelde (06280)...
Ophalen: Terschelling (06250)...
Ophalen: Vlieland (06242)...
Ophalen: Leeuwarden (06270)...
Ophalen: Den Helder (06235)...
Ophalen: Amsterdam (06240)...
Ophalen: De Bilt (06260)...
Ophalen: Deelen (06275)...
Ophalen: Hoogeveen (06279)...
Ophalen: Enschede (06290)...
Ophalen: Vlissingen (06310)...
Ophalen: Hoek van Holland (06330)...
Ophalen: Rotterdam Airport (06344)...
Ophalen: Gilze Rijen (06350)...
Ophalen: Eindhoven (06370)...
Ophalen: Maastricht (06380)...
Ophalen: Gent (06431)...
Ophalen: Antwerpen (06450)...
Ophalen: Kleve (K1176)...
Ophalen: Brussel (06451)...
Ophalen: Kleine Brogel (06479)...
Ophalen: Dollart (E207)...
Ophalen: Wielen (P0122)...
Ophalen: Weeze (10405)...
Ophalen: Valkenburg (06210)...
Ophalen: Volkel (06375)...
Ophalen: Bocholt (10406)...
Ophalen: Nettetal (H512)...
Ophalen: IJsselmeer (E5305)...
Ophalen: Borkum (K1083)...
Ophalen: Geilenkirchen (10500)...
Data voor 10 dagen
Kaart: kaart_regen_zondag_15mar2026.png
Kaart: kaart_regen_maandag_16mar2026.png
Kaart: kaart_regen_dinsdag_17mar2026.png
Kaart: kaart_regen_woensdag_18mar2026.png
Kaart: kaart_regen_donderdag_19mar2026.png
Kaart: kaart_regen_vrijdag_20mar2026.png
Kaart: kaart_regen_zaterdag_21mar2026.png
Kaart: kaart_regen_zondag_22mar2026.png
Kaart: kaart_regen_maandag_23mar2026.png
Kaart: kaart_regen_dinsdag_24mar2026.png
MOSMIX ophalen: De Bilt (06260)...
  2026-03-15: TX=None TN=None RR=0.9
  2026-03-16: TX=10.7 TN=4.2 RR=6.3
  2026-03-17: TX=15.5 TN=6.9 RR=0.0
  2026-03-18: TX=17.3 TN=5.4 RR=0.0
MOSMIX ophalen: Hoek van Holland (06330)...
  2026-03-15: TX=None TN=None RR=8.0
  2026-03-16: TX=10.9 TN=5.7 RR=6.3
  2026-03-17: TX=16.0 TN=8.4 RR=0.0
  2026-03-18: TX=17.5 TN=8.0 RR=0.0
MOSMIX ophalen: Rotterdam (06344)...
  2026-03-15: TX=None TN=None RR=0.6
  2026-03-16: TX=10.8 TN=4.8 RR=4.0
  2026-03-17: TX=15.6 TN=7.8 RR=0.0
  2026-03-18: TX=17.4 TN=7.1 RR=0.0
MOSMIX ophalen: Enschede (06290)...
  2026-03-15: TX=None TN=None RR=0.0
  2026-03-16: TX=10.4 TN=4.0 RR=5.4
  2026-03-17: TX=13.8 TN=3.9 RR=0.1
  2026-03-18: TX=17.5 TN=5.1 RR=0.0
MOSMIX ophalen: Eelde (06280)...
  2026-03-15: TX=None TN=None RR=0.5
  2026-03-16: TX=10.3 TN=3.9 RR=5.9
  2026-03-17: TX=13.9 TN=3.8 RR=0.0
  2026-03-18: TX=17.1 TN=5.8 RR=0.0
MOSMIX ophalen: Maastricht (06380)...
  2026-03-15: TX=None TN=None RR=0.0
  2026-03-16: TX=10.9 TN=4.4 RR=3.0
  2026-03-17: TX=15.5 TN=6.9 RR=0.0
  2026-03-18: TX=17.6 TN=5.9 RR=0.0
MOSMIX ophalen: Terschelling (06250)...
  2026-03-15: TX=None TN=None RR=1.1
  2026-03-16: TX=9.2 TN=4.8 RR=3.6
  2026-03-17: TX=12.9 TN=6.0 RR=0.0
  2026-03-18: TX=15.1 TN=6.4 RR=0.0
MOSMIX ophalen: Vlissingen (06310)...
  2026-03-15: TX=None TN=None RR=0.6
  2026-03-16: TX=10.5 TN=6.6 RR=1.7
  2026-03-17: TX=14.1 TN=7.9 RR=0.0
  2026-03-18: TX=16.3 TN=8.3 RR=0.0
MOSMIX ophalen: Deelen (06275)...
  2026-03-15: TX=None TN=None RR=0.7
  2026-03-16: TX=10.6 TN=3.2 RR=5.5
  2026-03-17: TX=14.5 TN=4.8 RR=0.2
  2026-03-18: TX=17.9 TN=6.1 RR=0.0
MOSMIX ophalen: Gilze-Rijen (06350)...
  2026-03-15: TX=None TN=None RR=0.5
  2026-03-16: TX=11.7 TN=4.6 RR=3.6
  2026-03-17: TX=16.7 TN=6.5 RR=0.0
  2026-03-18: TX=18.6 TN=5.7 RR=0.0

beta_debilt.json opgeslagen (10 stations)
MOSMIX voorspellingen ophalen voor archief...
  De Bilt...
  Hoek van Holland...
  Rotterdam...
  Enschede...
  Eelde...
  Maastricht...
  Terschelling...
  Vlissingen...
  Deelen...
  Gilze-Rijen...
Archief opgeslagen (beta_verificatie_archive.json)

Werkelijke metingen ophalen (afgelopen 3 dagen)...
  De Bilt 2026-03-15: TX=11.5 TN=-1.5
  De Bilt 2026-03-14: TX=9.1 TN=1.3
  De Bilt 2026-03-13: TX=10.7 TN=5.4
  Hoek van Holland 2026-03-15: TX=12.1 TN=4.0
  Hoek van Holland 2026-03-14: TX=9.3 TN=4.5
  Hoek van Holland 2026-03-13: TX=10.9 TN=5.8
  Rotterdam 2026-03-15: TX=11.4 TN=0.2
  Rotterdam 2026-03-14: TX=10.0 TN=1.1
  Rotterdam 2026-03-13: TX=10.8 TN=5.2
  Enschede 2026-03-15: TX=10.6 TN=-2.6
  Enschede 2026-03-14: TX=5.5 TN=0.7
  Enschede 2026-03-13: TX=10.7 TN=4.0
  Eelde 2026-03-15: TX=10.6 TN=-3.3
  Eelde 2026-03-14: TX=8.2 TN=-1.4
  Eelde 2026-03-13: TX=10.2 TN=3.6
  Maastricht 2026-03-15: TX=9.8 TN=-0.2
  Maastricht 2026-03-14: TX=6.6 TN=0.5
  Maastricht 2026-03-13: TX=10.5 TN=3.4
  Terschelling 2026-03-15: TX=10.3 TN=-0.1
  Terschelling 2026-03-14: TX=9.4 TN=1.2
  Terschelling 2026-03-13: TX=10.0 TN=4.8
  Vlissingen 2026-03-15: TX=11.4 TN=4.1
  Vlissingen 2026-03-14: TX=9.4 TN=4.7
  Vlissingen 2026-03-13: TX=10.7 TN=5.7
  Deelen 2026-03-15: TX=10.6 TN=-2.4
  Deelen 2026-03-14: TX=7.2 TN=-1.3
  Deelen 2026-03-13: TX=10.3 TN=3.9
  Gilze-Rijen 2026-03-15: TX=11.4 TN=-2.7
  Gilze-Rijen 2026-03-14: TX=9.5 TN=1.5
  Gilze-Rijen 2026-03-13: TX=10.8 TN=3.7

beta_verificatie.json opgeslagen (10 stations)
/Users/aldus/Desktop/KNMI_Project/weerkaarten 2/maak_grafiek.py:158: DeprecationWarning: Testing an element's truth value will always return True in future versions.  Use specific 'len(elem)' or 'elem is not None' test instead.
  root = cache_root.get(code) or download_kmz(code)
MOSMIX ophalen (trend)...
  De Bilt (06260)...
  De Kooy (06235)...
  Eelde (06280)...
  Vlissingen (06310)...
  Beek (06380)...
  Rotterdam (06344)...
  Hoek v. Holland (06330)...
  Twenthe (06290)...
  Wind Vlieland (06242)...
  Wind De Kooy (06235)...
  Wind Leeuwarden (06270)...
  Wind Hoek v. Holland (06330)...
  Wind Vlissingen (06310)...
Grafiek opgeslagen: grafiek_trend.png
Bestaande data geladen: 75 dagen
  Ophalen 2026-03-16 (tot nu)...
    TX top3: [(9.2, 'Vlissingen'), (8.8, 'Rotterdam Airport'), (8.7, 'Wilhelminadorp')]
    TN top3: [(2.8, 'Lelystad'), (3.7, 'Deelen'), (4.5, 'Heino')]
    RR top3: [(4.0, 'Horst'), (3.8, 'Eindhoven'), (3.5, 'Nieuw Beerta')]
  2026-01-01: al in cache, overgeslagen
  2026-01-02: al in cache, overgeslagen
  2026-01-03: al in cache, overgeslagen
  2026-01-04: al in cache, overgeslagen
  2026-01-05: al in cache, overgeslagen
  2026-01-06: al in cache, overgeslagen
  2026-01-07: al in cache, overgeslagen
  2026-01-08: al in cache, overgeslagen
  2026-01-09: al in cache, overgeslagen
  2026-01-10: al in cache, overgeslagen
  2026-01-11: al in cache, overgeslagen
  2026-01-12: al in cache, overgeslagen
  2026-01-13: al in cache, overgeslagen
  2026-01-14: al in cache, overgeslagen
  2026-01-15: al in cache, overgeslagen
  2026-01-16: al in cache, overgeslagen
  2026-01-17: al in cache, overgeslagen
  2026-01-18: al in cache, overgeslagen
  2026-01-19: al in cache, overgeslagen
  2026-01-20: al in cache, overgeslagen
  2026-01-21: al in cache, overgeslagen
  2026-01-22: al in cache, overgeslagen
  2026-01-23: al in cache, overgeslagen
  2026-01-24: al in cache, overgeslagen
  2026-01-25: al in cache, overgeslagen
  2026-01-26: al in cache, overgeslagen
  2026-01-27: al in cache, overgeslagen
  2026-01-28: al in cache, overgeslagen
  2026-01-29: al in cache, overgeslagen
  2026-01-30: al in cache, overgeslagen
  2026-01-31: al in cache, overgeslagen
  2026-02-01: al in cache, overgeslagen
  2026-02-02: al in cache, overgeslagen
  2026-02-03: al in cache, overgeslagen
  2026-02-04: al in cache, overgeslagen
  2026-02-05: al in cache, overgeslagen
  2026-02-06: al in cache, overgeslagen
  2026-02-07: al in cache, overgeslagen
  2026-02-08: al in cache, overgeslagen
  2026-02-09: al in cache, overgeslagen
  2026-02-10: al in cache, overgeslagen
  2026-02-11: al in cache, overgeslagen
  2026-02-12: al in cache, overgeslagen
  2026-02-13: al in cache, overgeslagen
  2026-02-14: al in cache, overgeslagen
  2026-02-15: al in cache, overgeslagen
  2026-02-16: al in cache, overgeslagen
  2026-02-17: al in cache, overgeslagen
  2026-02-18: al in cache, overgeslagen
  2026-02-19: al in cache, overgeslagen
  2026-02-20: al in cache, overgeslagen
  2026-02-21: al in cache, overgeslagen
  2026-02-22: al in cache, overgeslagen
  2026-02-23: al in cache, overgeslagen
  2026-02-24: al in cache, overgeslagen
  2026-02-25: al in cache, overgeslagen
  2026-02-26: al in cache, overgeslagen
  2026-02-27: al in cache, overgeslagen
  2026-02-28: al in cache, overgeslagen
  2026-03-01: al in cache, overgeslagen
  2026-03-02: al in cache, overgeslagen
  2026-03-03: al in cache, overgeslagen
  2026-03-04: al in cache, overgeslagen
  2026-03-05: al in cache, overgeslagen
  2026-03-06: al in cache, overgeslagen
  2026-03-07: al in cache, overgeslagen
  2026-03-08: al in cache, overgeslagen
  2026-03-09: al in cache, overgeslagen
  2026-03-10: al in cache, overgeslagen
  2026-03-11: al in cache, overgeslagen
  2026-03-12: al in cache, overgeslagen
  2026-03-13: al in cache, overgeslagen
  2026-03-14: al in cache, overgeslagen
  2026-03-15: al in cache, overgeslagen

toplijst.json bijgewerkt (75 dagen)
Kaarten maken voor 2026-03-07...
  → klaar voor 2026-03-07
Kaarten maken voor 2026-03-08...
  → klaar voor 2026-03-08
Kaarten maken voor 2026-03-09...
  → klaar voor 2026-03-09
Kaarten maken voor 2026-03-10...
  → klaar voor 2026-03-10
Kaarten maken voor 2026-03-11...
  → klaar voor 2026-03-11
Kaarten maken voor 2026-03-12...
  → klaar voor 2026-03-12
Kaarten maken voor 2026-03-13...
  → klaar voor 2026-03-13
Kaarten maken voor 2026-03-14...
  → klaar voor 2026-03-14
Kaarten maken voor 2026-03-15...
  → klaar voor 2026-03-15
Kaarten maken voor 2026-03-16...
  → klaar voor 2026-03-16
Alle waarnemingskaarten klaar!
index.json: 101 kaarten
Records bijwerken...
Cache verouderd (2026-03-14), opnieuw downloaden...
Downloaden: https://cdn.knmi.nl/knmi/map/page/klimatologie/gegevens/daggegevens/etmgeg_260.zip...
Opgeslagen: knmi_dagdata_260.csv (11438522 bytes)
Dagen ingelezen: 45729 (van 1901-01-01 t/m 2026-03-14)
Dagrecords berekenen... (De Bilt)
Decaderecords berekenen...
Maandrecords berekenen...
Seizoensrecords berekenen...
Jaarrecords berekenen...
Alltime records berekenen...

Klaar! records_260.json opgeslagen
  Alltime TX: (37.5, '2019-07-25')
  Alltime TN: (-24.8, '1942-01-27')
Cache verouderd (2026-03-14), opnieuw downloaden...
Downloaden: https://cdn.knmi.nl/knmi/map/page/klimatologie/gegevens/daggegevens/etmgeg_344.zip...
Opgeslagen: knmi_dagdata_344.csv (6348022 bytes)
Dagen ingelezen: 25367 (van 1956-10-01 t/m 2026-03-14)
Dagrecords berekenen... (Rotterdam)
Decaderecords berekenen...
Maandrecords berekenen...
Seizoensrecords berekenen...
Jaarrecords berekenen...
Alltime records berekenen...

Klaar! records_344.json opgeslagen
  Alltime TX: (37.2, '2019-07-25')
  Alltime TN: (-17.1, '1985-01-07')
Cache verouderd (2026-03-14), opnieuw downloaden...
Downloaden: https://cdn.knmi.nl/knmi/map/page/klimatologie/gegevens/daggegevens/etmgeg_330.zip...
Opgeslagen: knmi_dagdata_330.csv (5046772 bytes)
Dagen ingelezen: 20162 (van 1971-01-01 t/m 2026-03-14)
Dagrecords berekenen... (Hoek van Holland)
Decaderecords berekenen...
Maandrecords berekenen...
Seizoensrecords berekenen...
Jaarrecords berekenen...
Alltime records berekenen...

Klaar! records_330.json opgeslagen
  Alltime TX: (38.9, '2019-07-25')
  Alltime TN: (-13.0, '1997-01-02')
Cache verouderd (2026-03-14), opnieuw downloaden...
Downloaden: https://cdn.knmi.nl/knmi/map/page/klimatologie/gegevens/daggegevens/etmgeg_235.zip...
Opgeslagen: knmi_dagdata_235.csv (10982022 bytes)
Dagen ingelezen: 43903 (van 1906-01-01 t/m 2026-03-14)
Dagrecords berekenen... (Den Helder)
Decaderecords berekenen...
Maandrecords berekenen...
Seizoensrecords berekenen...
Jaarrecords berekenen...
Alltime records berekenen...

Klaar! records_235.json opgeslagen
  Alltime TX: (36.1, '2022-07-19')
  Alltime TN: (-20.5, '1956-02-16')
Cache verouderd (2026-03-14), opnieuw downloaden...
Downloaden: https://cdn.knmi.nl/knmi/map/page/klimatologie/gegevens/daggegevens/etmgeg_240.zip...
Opgeslagen: knmi_dagdata_240.csv (6873022 bytes)
Dagen ingelezen: 27467 (van 1951-01-01 t/m 2026-03-14)
Dagrecords berekenen... (Schiphol)
Decaderecords berekenen...
Maandrecords berekenen...
Seizoensrecords berekenen...
Jaarrecords berekenen...
Alltime records berekenen...

Klaar! records_240.json opgeslagen
  Alltime TX: (36.4, '2019-07-26')
  Alltime TN: (-19.7, '1956-02-17')
Cache verouderd (2026-03-14), opnieuw downloaden...
Downloaden: https://cdn.knmi.nl/knmi/map/page/klimatologie/gegevens/daggegevens/etmgeg_270.zip...
Opgeslagen: knmi_dagdata_270.csv (6873022 bytes)
Dagen ingelezen: 27467 (van 1951-01-01 t/m 2026-03-14)
Dagrecords berekenen... (Leeuwarden)
Decaderecords berekenen...
Maandrecords berekenen...
Seizoensrecords berekenen...
Jaarrecords berekenen...
Alltime records berekenen...

Klaar! records_270.json opgeslagen
  Alltime TX: (34.8, '2022-07-19')
  Alltime TN: (-20.9, '1956-02-15')
Cache verouderd (2026-03-14), opnieuw downloaden...
Downloaden: https://cdn.knmi.nl/knmi/map/page/klimatologie/gegevens/daggegevens/etmgeg_280.zip...
Opgeslagen: knmi_dagdata_280.csv (10982022 bytes)
Dagen ingelezen: 43903 (van 1906-01-01 t/m 2026-03-14)
Dagrecords berekenen... (Eelde)
Decaderecords berekenen...
Maandrecords berekenen...
Seizoensrecords berekenen...
Jaarrecords berekenen...
Alltime records berekenen...

Klaar! records_280.json opgeslagen
  Alltime TX: (36.9, '2019-07-25')
  Alltime TN: (-22.9, '1956-02-16')
Cache verouderd (2026-03-14), opnieuw downloaden...
Downloaden: https://cdn.knmi.nl/knmi/map/page/klimatologie/gegevens/daggegevens/etmgeg_290.zip...
Opgeslagen: knmi_dagdata_290.csv (6873022 bytes)
Dagen ingelezen: 27467 (van 1951-01-01 t/m 2026-03-14)
Dagrecords berekenen... (Twenthe)
Decaderecords berekenen...
Maandrecords berekenen...
Seizoensrecords berekenen...
Jaarrecords berekenen...
Alltime records berekenen...

Klaar! records_290.json opgeslagen
  Alltime TX: (40.2, '2019-07-25')
  Alltime TN: (-21.8, '1956-02-16')
Cache verouderd (2026-03-14), opnieuw downloaden...
Downloaden: https://cdn.knmi.nl/knmi/map/page/klimatologie/gegevens/daggegevens/etmgeg_310.zip...
Opgeslagen: knmi_dagdata_310.csv (10982022 bytes)
Dagen ingelezen: 43903 (van 1906-01-01 t/m 2026-03-14)
Dagrecords berekenen... (Vlissingen)
Decaderecords berekenen...
Maandrecords berekenen...
Seizoensrecords berekenen...
Jaarrecords berekenen...
Alltime records berekenen...

Klaar! records_310.json opgeslagen
  Alltime TX: (37.3, '2019-07-25')
  Alltime TN: (-16.5, '1956-02-21')
Cache verouderd (2026-03-14), opnieuw downloaden...
Downloaden: https://cdn.knmi.nl/knmi/map/page/klimatologie/gegevens/daggegevens/etmgeg_380.zip...
Opgeslagen: knmi_dagdata_380.csv (10982022 bytes)
Dagen ingelezen: 43903 (van 1906-01-01 t/m 2026-03-14)
Dagrecords berekenen... (Maastricht)
Decaderecords berekenen...
Maandrecords berekenen...
Seizoensrecords berekenen...
Jaarrecords berekenen...
Alltime records berekenen...

Klaar! records_380.json opgeslagen
  Alltime TX: (39.6, '2019-07-25')
  Alltime TN: (-21.4, '1929-02-14')
Cache verouderd (2016-05-02), opnieuw downloaden...
Downloaden: https://cdn.knmi.nl/knmi/map/page/klimatologie/gegevens/daggegevens/etmgeg_210.zip...
Opgeslagen: knmi_dagdata_210.csv (5972272 bytes)
Dagen ingelezen: 23864 (van 1951-01-01 t/m 2016-05-02)
Dagrecords berekenen... (Valkenburg)
Decaderecords berekenen...
Maandrecords berekenen...
Seizoensrecords berekenen...
Jaarrecords berekenen...
Alltime records berekenen...

Klaar! records_210.json opgeslagen
  Alltime TX: (34.6, '1990-08-04')
  Alltime TN: (-17.5, '1956-02-17')
Cache verouderd (2026-03-14), opnieuw downloaden...
Downloaden: https://cdn.knmi.nl/knmi/map/page/klimatologie/gegevens/daggegevens/etmgeg_215.zip...
Opgeslagen: knmi_dagdata_215.csv (1071522 bytes)
Dagen ingelezen: 4261 (van 2014-07-15 t/m 2026-03-14)
Dagrecords berekenen... (Voorschoten)
Decaderecords berekenen...
Maandrecords berekenen...
Seizoensrecords berekenen...
Jaarrecords berekenen...
Alltime records berekenen...

Klaar! records_215.json opgeslagen
  Alltime TX: (35.5, '2019-07-25')
  Alltime TN: (-11.0, '2021-02-11')
Cache verouderd (2026-03-14), opnieuw downloaden...
Downloaden: https://cdn.knmi.nl/knmi/map/page/klimatologie/gegevens/daggegevens/etmgeg_225.zip...
Opgeslagen: knmi_dagdata_225.csv (5046772 bytes)
Dagen ingelezen: 20162 (van 1971-01-01 t/m 2026-03-14)
Dagrecords berekenen... (IJmuiden)
Decaderecords berekenen...
Maandrecords berekenen...
Seizoensrecords berekenen...
Jaarrecords berekenen...
Alltime records berekenen...

Klaar! records_225.json opgeslagen
  Alltime TX: (36.5, '1976-06-24')
  Alltime TN: (-15.5, '1979-01-02')
Cache verouderd (2026-03-14), opnieuw downloaden...
Downloaden: https://cdn.knmi.nl/knmi/map/page/klimatologie/gegevens/daggegevens/etmgeg_229.zip...
Opgeslagen: knmi_dagdata_229.csv (4695022 bytes)
Dagen ingelezen: 18755 (van 1971-01-01 t/m 2026-03-14)
Dagrecords berekenen... (Texelhors)
Decaderecords berekenen...
Maandrecords berekenen...
Seizoensrecords berekenen...
Jaarrecords berekenen...
Alltime records berekenen...

Klaar! records_229.json opgeslagen
  Alltime TX: geen data
  Alltime TN: geen data
Cache verouderd (2026-03-14), opnieuw downloaden...
Downloaden: https://cdn.knmi.nl/knmi/map/page/klimatologie/gegevens/daggegevens/etmgeg_242.zip...
Opgeslagen: knmi_dagdata_242.csv (2794522 bytes)
Dagen ingelezen: 11153 (van 1995-09-01 t/m 2026-03-14)
Dagrecords berekenen... (Vlieland)
Decaderecords berekenen...
Maandrecords berekenen...
Seizoensrecords berekenen...
Jaarrecords berekenen...
Alltime records berekenen...

Klaar! records_242.json opgeslagen
  Alltime TX: (33.3, '2018-07-27')
  Alltime TN: (-13.5, '2012-02-04')
Cache verouderd (2026-03-14), opnieuw downloaden...
Downloaden: https://cdn.knmi.nl/knmi/map/page/klimatologie/gegevens/daggegevens/etmgeg_248.zip...
Opgeslagen: knmi_dagdata_248.csv (2897772 bytes)
Dagen ingelezen: 11566 (van 1994-07-15 t/m 2026-03-14)
Dagrecords berekenen... (Wijdenes)
Decaderecords berekenen...
Maandrecords berekenen...
Seizoensrecords berekenen...
Jaarrecords berekenen...
Alltime records berekenen...

Klaar! records_248.json opgeslagen
  Alltime TX: geen data
  Alltime TN: geen data
Cache verouderd (2026-03-14), opnieuw downloaden...
Downloaden: https://cdn.knmi.nl/knmi/map/page/klimatologie/gegevens/daggegevens/etmgeg_249.zip...
Opgeslagen: knmi_dagdata_249.csv (2469772 bytes)
Dagen ingelezen: 9854 (van 1999-03-23 t/m 2026-03-14)
Dagrecords berekenen... (Berkhout)
Decaderecords berekenen...
Maandrecords berekenen...
Seizoensrecords berekenen...
Jaarrecords berekenen...
Alltime records berekenen...

Klaar! records_249.json opgeslagen
  Alltime TX: (35.7, '2019-07-25')
  Alltime TN: (-21.9, '2012-02-04')
Cache verouderd (2026-03-14), opnieuw downloaden...
Downloaden: https://cdn.knmi.nl/knmi/map/page/klimatologie/gegevens/daggegevens/etmgeg_251.zip...
Opgeslagen: knmi_dagdata_251.csv (2910272 bytes)
Dagen ingelezen: 11616 (van 1994-05-26 t/m 2026-03-14)
Dagrecords berekenen... (Terschelling)
Decaderecords berekenen...
Maandrecords berekenen...
Seizoensrecords berekenen...
Jaarrecords berekenen...
Alltime records berekenen...

Klaar! records_251.json opgeslagen
  Alltime TX: (33.0, '2018-07-26')
  Alltime TN: (-12.3, '2021-02-11')
Cache verouderd (2026-03-14), opnieuw downloaden...
Downloaden: https://cdn.knmi.nl/knmi/map/page/klimatologie/gegevens/daggegevens/etmgeg_257.zip...
Opgeslagen: knmi_dagdata_257.csv (2277272 bytes)
Dagen ingelezen: 9084 (van 2001-05-01 t/m 2026-03-14)
Dagrecords berekenen... (Wijk aan Zee)
Decaderecords berekenen...
Maandrecords berekenen...
Seizoensrecords berekenen...
Jaarrecords berekenen...
Alltime records berekenen...

Klaar! records_257.json opgeslagen
  Alltime TX: (37.3, '2022-07-19')
  Alltime TN: (-15.9, '2012-02-04')
Cache verouderd (2026-03-14), opnieuw downloaden...
Downloaden: https://cdn.knmi.nl/knmi/map/page/klimatologie/gegevens/daggegevens/etmgeg_258.zip...
Opgeslagen: knmi_dagdata_258.csv (1843022 bytes)
Dagen ingelezen: 7347 (van 2006-02-01 t/m 2026-03-14)
Dagrecords berekenen... (Houtribdijk)
Decaderecords berekenen...
Maandrecords berekenen...
Seizoensrecords berekenen...
Jaarrecords berekenen...
Alltime records berekenen...

Klaar! records_258.json opgeslagen
  Alltime TX: geen data
  Alltime TN: geen data
Cache verouderd (2008-11-18), opnieuw downloaden...
Downloaden: https://cdn.knmi.nl/knmi/map/page/klimatologie/gegevens/daggegevens/etmgeg_265.zip...
Opgeslagen: knmi_dagdata_265.csv (5151522 bytes)
Dagen ingelezen: 20581 (van 1951-09-01 t/m 2008-11-18)
Dagrecords berekenen... (Soesterberg)
Decaderecords berekenen...
Maandrecords berekenen...
Seizoensrecords berekenen...
Jaarrecords berekenen...
Alltime records berekenen...

Klaar! records_265.json opgeslagen
  Alltime TX: (36.5, '2006-07-19')
  Alltime TN: (-21.9, '1956-02-16')
Cache verouderd (2026-03-14), opnieuw downloaden...
Downloaden: https://cdn.knmi.nl/knmi/map/page/klimatologie/gegevens/daggegevens/etmgeg_267.zip...
Opgeslagen: knmi_dagdata_267.csv (3266522 bytes)
Dagen ingelezen: 13041 (van 1990-07-01 t/m 2026-03-14)
Dagrecords berekenen... (Stavoren)
Decaderecords berekenen...
Maandrecords berekenen...
Seizoensrecords berekenen...
Jaarrecords berekenen...
Alltime records berekenen...

Klaar! records_267.json opgeslagen
  Alltime TX: (36.1, '2019-07-25')
  Alltime TN: (-20.3, '2012-02-04')
Cache verouderd (2026-03-14), opnieuw downloaden...
Downloaden: https://cdn.knmi.nl/knmi/map/page/klimatologie/gegevens/daggegevens/etmgeg_269.zip...
Opgeslagen: knmi_dagdata_269.csv (3311772 bytes)
Dagen ingelezen: 13222 (van 1990-01-01 t/m 2026-03-14)
Dagrecords berekenen... (Lelystad)
Decaderecords berekenen...
Maandrecords berekenen...
Seizoensrecords berekenen...
Jaarrecords berekenen...
Alltime records berekenen...

Klaar! records_269.json opgeslagen
  Alltime TX: (37.5, '2019-07-25')
  Alltime TN: (-22.9, '2012-02-04')
Cache verouderd (2026-03-14), opnieuw downloaden...
Downloaden: https://cdn.knmi.nl/knmi/map/page/klimatologie/gegevens/daggegevens/etmgeg_273.zip...
Opgeslagen: knmi_dagdata_273.csv (3403022 bytes)
Dagen ingelezen: 13587 (van 1989-01-01 t/m 2026-03-14)
Dagrecords berekenen... (Marknesse)
Decaderecords berekenen...
Maandrecords berekenen...
Seizoensrecords berekenen...
Jaarrecords berekenen...
Alltime records berekenen...

Klaar! records_273.json opgeslagen
  Alltime TX: (38.1, '2019-07-25')
  Alltime TN: (-22.8, '2012-02-04')
Cache verouderd (2026-03-14), opnieuw downloaden...
Downloaden: https://cdn.knmi.nl/knmi/map/page/klimatologie/gegevens/daggegevens/etmgeg_275.zip...
Opgeslagen: knmi_dagdata_275.csv (6873022 bytes)
Dagen ingelezen: 27467 (van 1951-01-01 t/m 2026-03-14)
Dagrecords berekenen... (Deelen)
Decaderecords berekenen...
Maandrecords berekenen...
Seizoensrecords berekenen...
Jaarrecords berekenen...
Alltime records berekenen...

Klaar! records_275.json opgeslagen
  Alltime TX: (39.2, '2019-07-25')
  Alltime TN: (-24.2, '1985-01-08')
Cache verouderd (2026-03-14), opnieuw downloaden...
Downloaden: https://cdn.knmi.nl/knmi/map/page/klimatologie/gegevens/daggegevens/etmgeg_277.zip...
Opgeslagen: knmi_dagdata_277.csv (3201522 bytes)
Dagen ingelezen: 12781 (van 1991-03-18 t/m 2026-03-14)
Dagrecords berekenen... (Lauwersoog)
Decaderecords berekenen...
Maandrecords berekenen...
Seizoensrecords berekenen...
Jaarrecords berekenen...
Alltime records berekenen...

Klaar! records_277.json opgeslagen
  Alltime TX: (35.7, '2018-07-26')
  Alltime TN: (-16.5, '2012-02-04')
Cache verouderd (2026-03-14), opnieuw downloaden...
Downloaden: https://cdn.knmi.nl/knmi/map/page/klimatologie/gegevens/daggegevens/etmgeg_278.zip...
Opgeslagen: knmi_dagdata_278.csv (3324772 bytes)
Dagen ingelezen: 13274 (van 1989-10-12 t/m 2026-03-14)
Dagrecords berekenen... (Heino)
Decaderecords berekenen...
Maandrecords berekenen...
Seizoensrecords berekenen...
Jaarrecords berekenen...
Alltime records berekenen...

Klaar! records_278.json opgeslagen
  Alltime TX: (39.3, '2019-07-25')
  Alltime TN: (-17.9, '2012-02-04')
Cache verouderd (2026-03-14), opnieuw downloaden...
Downloaden: https://cdn.knmi.nl/knmi/map/page/klimatologie/gegevens/daggegevens/etmgeg_279.zip...
Opgeslagen: knmi_dagdata_279.csv (3403022 bytes)
Dagen ingelezen: 13587 (van 1989-01-01 t/m 2026-03-14)
Dagrecords berekenen... (Hoogeveen)
Decaderecords berekenen...
Maandrecords berekenen...
Seizoensrecords berekenen...
Jaarrecords berekenen...
Alltime records berekenen...

Klaar! records_279.json opgeslagen
  Alltime TX: (39.0, '2019-07-25')
  Alltime TN: (-19.7, '2005-03-04')
Cache verouderd (2026-03-14), opnieuw downloaden...
Downloaden: https://cdn.knmi.nl/knmi/map/page/klimatologie/gegevens/daggegevens/etmgeg_283.zip...
Opgeslagen: knmi_dagdata_283.csv (3403022 bytes)
Dagen ingelezen: 13587 (van 1989-01-01 t/m 2026-03-14)
Dagrecords berekenen... (Hupsel)
Decaderecords berekenen...
Maandrecords berekenen...
Seizoensrecords berekenen...
Jaarrecords berekenen...
Alltime records berekenen...

Klaar! records_283.json opgeslagen
  Alltime TX: (40.4, '2019-07-25')
  Alltime TN: (-19.6, '1997-01-02')
Cache verouderd (2026-03-14), opnieuw downloaden...
Downloaden: https://cdn.knmi.nl/knmi/map/page/klimatologie/gegevens/daggegevens/etmgeg_286.zip...
Opgeslagen: knmi_dagdata_286.csv (3311772 bytes)
Dagen ingelezen: 13222 (van 1990-01-01 t/m 2026-03-14)
Dagrecords berekenen... (Nieuw Beerta)
Decaderecords berekenen...
Maandrecords berekenen...
Seizoensrecords berekenen...
Jaarrecords berekenen...
Alltime records berekenen...

Klaar! records_286.json opgeslagen
  Alltime TX: (37.9, '2019-07-25')
  Alltime TN: (-19.3, '2005-03-04')
Cache verouderd (2026-03-14), opnieuw downloaden...
Downloaden: https://cdn.knmi.nl/knmi/map/page/klimatologie/gegevens/daggegevens/etmgeg_319.zip...
Opgeslagen: knmi_dagdata_319.csv (3176772 bytes)
Dagen ingelezen: 12682 (van 1991-06-25 t/m 2026-03-14)
Dagrecords berekenen... (Westdorpe)
Decaderecords berekenen...
Maandrecords berekenen...
Seizoensrecords berekenen...
Jaarrecords berekenen...
Alltime records berekenen...

Klaar! records_319.json opgeslagen
  Alltime TX: (40.6, '2019-07-25')
  Alltime TN: (-17.8, '2012-02-04')
Cache verouderd (2026-03-14), opnieuw downloaden...
Downloaden: https://cdn.knmi.nl/knmi/map/page/klimatologie/gegevens/daggegevens/etmgeg_323.zip...
Opgeslagen: knmi_dagdata_323.csv (2971772 bytes)
Dagen ingelezen: 11862 (van 1989-11-02 t/m 2026-03-14)
Dagrecords berekenen... (Wilhelminadorp)
Decaderecords berekenen...
Maandrecords berekenen...
Seizoensrecords berekenen...
Jaarrecords berekenen...
Alltime records berekenen...

Klaar! records_323.json opgeslagen
  Alltime TX: (40.3, '2019-07-25')
  Alltime TN: (-13.2, '1997-01-02')
Cache verouderd (2026-03-14), opnieuw downloaden...
Downloaden: https://cdn.knmi.nl/knmi/map/page/klimatologie/gegevens/daggegevens/etmgeg_324.zip...
Opgeslagen: knmi_dagdata_324.csv (2604272 bytes)
Dagen ingelezen: 10392 (van 1997-10-01 t/m 2026-03-14)
Dagrecords berekenen... (Stavenisse)
Decaderecords berekenen...
Maandrecords berekenen...
Seizoensrecords berekenen...
Jaarrecords berekenen...
Alltime records berekenen...

Klaar! records_324.json opgeslagen
  Alltime TX: geen data
  Alltime TN: geen data
Cache verouderd (2026-03-14), opnieuw downloaden...
Downloaden: https://cdn.knmi.nl/knmi/map/page/klimatologie/gegevens/daggegevens/etmgeg_331.zip...
Opgeslagen: knmi_dagdata_331.csv (4133522 bytes)
Dagen ingelezen: 16509 (van 1981-01-01 t/m 2026-03-14)
Dagrecords berekenen... (Tholen)
Decaderecords berekenen...
Maandrecords berekenen...
Seizoensrecords berekenen...
Jaarrecords berekenen...
Alltime records berekenen...

Klaar! records_331.json opgeslagen
  Alltime TX: geen data
  Alltime TN: geen data
Cache verouderd (2026-03-14), opnieuw downloaden...
Downloaden: https://cdn.knmi.nl/knmi/map/page/klimatologie/gegevens/daggegevens/etmgeg_340.zip...
Opgeslagen: knmi_dagdata_340.csv (3015272 bytes)
Dagen ingelezen: 12036 (van 1993-04-01 t/m 2026-03-14)
Dagrecords berekenen... (Woensdrecht)
Decaderecords berekenen...
Maandrecords berekenen...
Seizoensrecords berekenen...
Jaarrecords berekenen...
Alltime records berekenen...

Klaar! records_340.json opgeslagen
  Alltime TX: (40.2, '2019-07-25')
  Alltime TN: (-18.8, '2012-02-04')
Cache verouderd (2026-03-14), opnieuw downloaden...
Downloaden: https://cdn.knmi.nl/knmi/map/page/klimatologie/gegevens/daggegevens/etmgeg_343.zip...
Opgeslagen: knmi_dagdata_343.csv (3144522 bytes)
Dagen ingelezen: 12553 (van 1991-11-01 t/m 2026-03-14)
Dagrecords berekenen... (Rotterdam Geulhaven)
Decaderecords berekenen...
Maandrecords berekenen...
Seizoensrecords berekenen...
Jaarrecords berekenen...
Alltime records berekenen...

Klaar! records_343.json opgeslagen
  Alltime TX: (32.7, '1994-07-24')
  Alltime TN: (-12.5, '1997-01-02')
Cache verouderd (2026-03-14), opnieuw downloaden...
Downloaden: https://cdn.knmi.nl/knmi/map/page/klimatologie/gegevens/daggegevens/etmgeg_348.zip...
Opgeslagen: knmi_dagdata_348.csv (3654522 bytes)
Dagen ingelezen: 14593 (van 1986-04-01 t/m 2026-03-14)
Dagrecords berekenen... (Cabauw)
Decaderecords berekenen...
Maandrecords berekenen...
Seizoensrecords berekenen...
Jaarrecords berekenen...
Alltime records berekenen...

Klaar! records_348.json opgeslagen
  Alltime TX: (36.9, '2019-07-26')
  Alltime TN: (-20.0, '2012-02-04')
Cache verouderd (2026-03-14), opnieuw downloaden...
Downloaden: https://cdn.knmi.nl/knmi/map/page/klimatologie/gegevens/daggegevens/etmgeg_350.zip...
Opgeslagen: knmi_dagdata_350.csv (6873022 bytes)
Dagen ingelezen: 27467 (van 1951-01-01 t/m 2026-03-14)
Dagrecords berekenen... (Gilze-Rijen)
Decaderecords berekenen...
Maandrecords berekenen...
Seizoensrecords berekenen...
Jaarrecords berekenen...
Alltime records berekenen...

Klaar! records_350.json opgeslagen
  Alltime TX: (40.7, '2019-07-25')
  Alltime TN: (-20.2, '1956-02-16')
Cache verouderd (2026-03-14), opnieuw downloaden...
Downloaden: https://cdn.knmi.nl/knmi/map/page/klimatologie/gegevens/daggegevens/etmgeg_356.zip...
Opgeslagen: knmi_dagdata_356.csv (3403022 bytes)
Dagen ingelezen: 13587 (van 1989-01-01 t/m 2026-03-14)
Dagrecords berekenen... (Herwijnen)
Decaderecords berekenen...
Maandrecords berekenen...
Seizoensrecords berekenen...
Jaarrecords berekenen...
Alltime records berekenen...

Klaar! records_356.json opgeslagen
  Alltime TX: (37.6, '2019-07-26')
  Alltime TN: (-21.4, '2012-02-04')
Cache verouderd (2026-03-14), opnieuw downloaden...
Downloaden: https://cdn.knmi.nl/knmi/map/page/klimatologie/gegevens/daggegevens/etmgeg_370.zip...
Opgeslagen: knmi_dagdata_370.csv (6873022 bytes)
Dagen ingelezen: 27467 (van 1951-01-01 t/m 2026-03-14)
Dagrecords berekenen... (Eindhoven)
Decaderecords berekenen...
Maandrecords berekenen...
Seizoensrecords berekenen...
Jaarrecords berekenen...
Alltime records berekenen...

Klaar! records_370.json opgeslagen
  Alltime TX: (40.4, '2019-07-25')
  Alltime TN: (-21.7, '1968-01-13')
Cache verouderd (2026-03-14), opnieuw downloaden...
Downloaden: https://cdn.knmi.nl/knmi/map/page/klimatologie/gegevens/daggegevens/etmgeg_375.zip...
Opgeslagen: knmi_dagdata_375.csv (6865272 bytes)
Dagen ingelezen: 27436 (van 1951-02-01 t/m 2026-03-14)
Dagrecords berekenen... (Volkel)
Decaderecords berekenen...
Maandrecords berekenen...
Seizoensrecords berekenen...
Jaarrecords berekenen...
Alltime records berekenen...

Klaar! records_375.json opgeslagen
  Alltime TX: (40.1, '2019-07-26')
  Alltime TN: (-25.2, '1956-02-16')
Cache verouderd (2026-03-14), opnieuw downloaden...
Downloaden: https://cdn.knmi.nl/knmi/map/page/klimatologie/gegevens/daggegevens/etmgeg_377.zip...
Opgeslagen: knmi_dagdata_377.csv (2442522 bytes)
Dagen ingelezen: 9745 (van 1999-07-10 t/m 2026-03-14)
Dagrecords berekenen... (Ell)
Decaderecords berekenen...
Maandrecords berekenen...
Seizoensrecords berekenen...
Jaarrecords berekenen...
Alltime records berekenen...

Klaar! records_377.json opgeslagen
  Alltime TX: (39.2, '2019-07-24')
  Alltime TN: (-20.8, '2009-01-06')
Cache verouderd (2025-09-29), opnieuw downloaden...
Downloaden: https://cdn.knmi.nl/knmi/map/page/klimatologie/gegevens/daggegevens/etmgeg_391.zip...
Opgeslagen: knmi_dagdata_391.csv (3225022 bytes)
Dagen ingelezen: 12875 (van 1990-07-01 t/m 2025-09-29)
Dagrecords berekenen... (Arcen)
Decaderecords berekenen...
Maandrecords berekenen...
Seizoensrecords berekenen...
Jaarrecords berekenen...
Alltime records berekenen...

Klaar! records_391.json opgeslagen
  Alltime TX: (40.2, '2019-07-25')
  Alltime TN: (-19.9, '1997-01-02')
Cache verouderd (2026-03-14), opnieuw downloaden...
Downloaden: https://cdn.knmi.nl/knmi/map/page/klimatologie/gegevens/daggegevens/etmgeg_392.zip...
Opgeslagen: knmi_dagdata_392.csv (75772 bytes)
Dagen ingelezen: 278 (van 2025-06-09 t/m 2026-03-14)
Dagrecords berekenen... (Horst)
Decaderecords berekenen...
Maandrecords berekenen...
Seizoensrecords berekenen...
Jaarrecords berekenen...
Alltime records berekenen...

Klaar! records_392.json opgeslagen
  Alltime TX: (37.5, '2025-07-02')
  Alltime TN: (-8.9, '2026-01-11')
MOSMIX ophalen (onweer: wwT, wwTd, CAPE, CIN)...
Ophalen: Eelde (06280)...
Ophalen: Terschelling (06250)...
Ophalen: Vlieland (06242)...
Ophalen: Leeuwarden (06270)...
Ophalen: Den Helder (06235)...
Ophalen: Amsterdam (06240)...
Ophalen: De Bilt (06260)...
Ophalen: Deelen (06275)...
Ophalen: Hoogeveen (06279)...
Ophalen: Enschede (06290)...
Ophalen: Vlissingen (06310)...
Ophalen: Hoek van Holland (06330)...
Ophalen: Rotterdam Airport (06344)...
Ophalen: Gilze Rijen (06350)...
Ophalen: Eindhoven (06370)...
Ophalen: Maastricht (06380)...
Ophalen: Gent (06431)...
Ophalen: Antwerpen (06450)...
Ophalen: Kleve (K1176)...
Ophalen: Brussel (06451)...
Ophalen: Kleine Brogel (06479)...
Ophalen: Dollart (E207)...
Ophalen: Wielen (P0122)...
Ophalen: Weeze (10405)...
Ophalen: Valkenburg (06210)...
Ophalen: Volkel (06375)...
Ophalen: Bocholt (10406)...
Ophalen: Nettetal (H512)...
Ophalen: IJsselmeer (E5305)...
Ophalen: Borkum (K1083)...
Ophalen: Geilenkirchen (10500)...
Data voor 10 dagen
Kaart: kaart_onweer_zondag_15mar2026.png
Kaart: kaart_onweer_maandag_16mar2026.png
Kaart: kaart_onweer_dinsdag_17mar2026.png
Kaart: kaart_onweer_woensdag_18mar2026.png
Kaart: kaart_onweer_donderdag_19mar2026.png
Kaart: kaart_onweer_vrijdag_20mar2026.png
Kaart: kaart_onweer_zaterdag_21mar2026.png
Kaart: kaart_onweer_zondag_22mar2026.png
Kaart: kaart_onweer_maandag_23mar2026.png
Kaart: kaart_onweer_dinsdag_24mar2026.png
[main 9c536a6] Kaarten update 2026-03-16 04:26
 166 files changed, 5 insertions(+), 5 deletions(-)
 create mode 100644 kaart_dauwpunt_woensdag_25mar2026.png
 create mode 100644 kaart_obs_ff_maandag_16mar2026.png
 create mode 100644 kaart_obs_fx_maandag_16mar2026.png
 create mode 100644 kaart_obs_rr_maandag_16mar2026.png
 create mode 100644 kaart_obs_t10n_maandag_16mar2026.png
 create mode 100644 kaart_obs_tn_maandag_16mar2026.png
 create mode 100644 kaart_obs_tx_maandag_16mar2026.png
 create mode 100644 kaart_wind_woensdag_25mar2026.png
 create mode 100644 kaart_woensdag_25mar2026.png
To https://github.com/aldused/weerkaarten.git
   1b4e7a5..9c536a6  main -> main
=== Upload klaar ===
