=== 2026-03-12 15:30:04 ===
MOSMIX ophalen (temperatuur)...
Ophalen: Eelde (06280)...
Ophalen: Terschelling (06250)...
Ophalen: Vlieland (06242)...
Ophalen: Leeuwarden (06270)...
Ophalen: Den Helder (06235)...
Ophalen: Amsterdam (06240)...
Ophalen: De Bilt (06260)...
Ophalen: Deelen (06275)...
Ophalen: Hoogeveen (06279)...
Ophalen: Enschede (06290)...
Ophalen: Vlissingen (06310)...
Ophalen: Hoek van Holland (06330)...
Ophalen: Rotterdam Airport (06344)...
Ophalen: Gilze Rijen (06350)...
Ophalen: Eindhoven (06370)...
Ophalen: Maastricht (06380)...
Ophalen: Gent (06431)...
Ophalen: Antwerpen (06450)...
Ophalen: Kleve (K1176)...
Ophalen: Brussel (06451)...
Ophalen: Kleine Brogel (06479)...
Ophalen: Dollart (E207)...
Ophalen: Wielen (P0122)...
Ophalen: Weeze (10405)...
Ophalen: Valkenburg (06210)...
Ophalen: Volkel (06375)...
Ophalen: Bocholt (10406)...
Ophalen: Nettetal (H512)...
Ophalen: IJsselmeer (E5305)...
Ophalen: Borkum (K1083)...
Data voor 10 dagen
Kaart: kaart_donderdag_12mar2026.png
Kaart: kaart_vrijdag_13mar2026.png
Kaart: kaart_zaterdag_14mar2026.png
Kaart: kaart_zondag_15mar2026.png
Kaart: kaart_maandag_16mar2026.png
Kaart: kaart_dinsdag_17mar2026.png
Kaart: kaart_woensdag_18mar2026.png
Kaart: kaart_donderdag_19mar2026.png
Kaart: kaart_vrijdag_20mar2026.png
Kaart: kaart_zaterdag_21mar2026.png
MOSMIX ophalen (neerslag)...
Ophalen: Eelde (06280)...
Ophalen: Terschelling (06250)...
Ophalen: Vlieland (06242)...
Ophalen: Leeuwarden (06270)...
Ophalen: Den Helder (06235)...
Ophalen: Amsterdam (06240)...
Ophalen: De Bilt (06260)...
Ophalen: Deelen (06275)...
Ophalen: Hoogeveen (06279)...
Ophalen: Enschede (06290)...
Ophalen: Vlissingen (06310)...
Ophalen: Hoek van Holland (06330)...
Ophalen: Rotterdam Airport (06344)...
Ophalen: Gilze Rijen (06350)...
Ophalen: Eindhoven (06370)...
Ophalen: Maastricht (06380)...
Ophalen: Gent (06431)...
Ophalen: Antwerpen (06450)...
Ophalen: Kleve (K1176)...
Ophalen: Brussel (06451)...
Ophalen: Kleine Brogel (06479)...
Ophalen: Dollart (E207)...
Ophalen: Wielen (P0122)...
Ophalen: Weeze (10405)...
Ophalen: Valkenburg (06210)...
Ophalen: Volkel (06375)...
Ophalen: Bocholt (10406)...
Ophalen: Nettetal (H512)...
Ophalen: IJsselmeer (E5305)...
Ophalen: Borkum (K1083)...
Data voor 10 dagen
Kaart: kaart_regen_donderdag_12mar2026.png
Kaart: kaart_regen_vrijdag_13mar2026.png
Kaart: kaart_regen_zaterdag_14mar2026.png
Kaart: kaart_regen_zondag_15mar2026.png
Kaart: kaart_regen_maandag_16mar2026.png
Kaart: kaart_regen_dinsdag_17mar2026.png
Kaart: kaart_regen_woensdag_18mar2026.png
Kaart: kaart_regen_donderdag_19mar2026.png
Kaart: kaart_regen_vrijdag_20mar2026.png
Kaart: kaart_regen_zaterdag_21mar2026.png
MOSMIX ophalen (wind dag 06-18u)...
Ophalen: Eelde (06280)...
Ophalen: Terschelling (06250)...
Ophalen: Vlieland (06242)...
Ophalen: Leeuwarden (06270)...
Ophalen: Den Helder (06235)...
Ophalen: Amsterdam (06240)...
Ophalen: De Bilt (06260)...
Ophalen: Deelen (06275)...
Ophalen: Hoogeveen (06279)...
Ophalen: Enschede (06290)...
Ophalen: Vlissingen (06310)...
Ophalen: Hoek van Holland (06330)...
Ophalen: Rotterdam Airport (06344)...
Ophalen: Gilze Rijen (06350)...
Ophalen: Eindhoven (06370)...
Ophalen: Maastricht (06380)...
Ophalen: Gent (06431)...
Ophalen: Antwerpen (06450)...
Ophalen: Kleve (K1176)...
Ophalen: Brussel (06451)...
Ophalen: Kleine Brogel (06479)...
Ophalen: Dollart (E207)...
Ophalen: Wielen (P0122)...
Ophalen: Weeze (10405)...
Ophalen: Valkenburg (06210)...
Ophalen: Volkel (06375)...
Ophalen: Bocholt (10406)...
Ophalen: Nettetal (H512)...
Ophalen: IJsselmeer (E5305)...
Ophalen: Borkum (K1083)...
Data voor 10 dagen
Kaart: kaart_wind_donderdag_12mar2026.png
Kaart: kaart_wind_vrijdag_13mar2026.png
Kaart: kaart_wind_zaterdag_14mar2026.png
Kaart: kaart_wind_zondag_15mar2026.png
Kaart: kaart_wind_maandag_16mar2026.png
Kaart: kaart_wind_dinsdag_17mar2026.png
Kaart: kaart_wind_woensdag_18mar2026.png
Kaart: kaart_wind_donderdag_19mar2026.png
Kaart: kaart_wind_vrijdag_20mar2026.png
Kaart: kaart_wind_zaterdag_21mar2026.png
MOSMIX ophalen (wind nacht 18-06u)...
Ophalen: Eelde (06280)...
Ophalen: Terschelling (06250)...
Ophalen: Vlieland (06242)...
Ophalen: Leeuwarden (06270)...
Ophalen: Den Helder (06235)...
Ophalen: Amsterdam (06240)...
Ophalen: De Bilt (06260)...
Ophalen: Deelen (06275)...
Ophalen: Hoogeveen (06279)...
Ophalen: Enschede (06290)...
Ophalen: Vlissingen (06310)...
Ophalen: Hoek van Holland (06330)...
Ophalen: Rotterdam Airport (06344)...
Ophalen: Gilze Rijen (06350)...
Ophalen: Eindhoven (06370)...
Ophalen: Maastricht (06380)...
Ophalen: Gent (06431)...
Ophalen: Antwerpen (06450)...
Ophalen: Kleve (K1176)...
Ophalen: Brussel (06451)...
Ophalen: Kleine Brogel (06479)...
Ophalen: Dollart (E207)...
Ophalen: Wielen (P0122)...
Ophalen: Weeze (10405)...
Ophalen: Valkenburg (06210)...
Ophalen: Volkel (06375)...
Ophalen: Bocholt (10406)...
Ophalen: Nettetal (H512)...
Ophalen: IJsselmeer (E5305)...
Ophalen: Borkum (K1083)...
Data voor 10 dagen
Kaart: kaart_wind_nacht_donderdag_12mar2026.png
Kaart: kaart_wind_nacht_vrijdag_13mar2026.png
Kaart: kaart_wind_nacht_zaterdag_14mar2026.png
Kaart: kaart_wind_nacht_zondag_15mar2026.png
Kaart: kaart_wind_nacht_maandag_16mar2026.png
Kaart: kaart_wind_nacht_dinsdag_17mar2026.png
Kaart: kaart_wind_nacht_woensdag_18mar2026.png
Kaart: kaart_wind_nacht_donderdag_19mar2026.png
Kaart: kaart_wind_nacht_vrijdag_20mar2026.png
Kaart: kaart_wind_nacht_zaterdag_21mar2026.png
MOSMIX ophalen (zon/bewolking)...
Ophalen: Eelde (06280)...
Ophalen: Terschelling (06250)...
Ophalen: Vlieland (06242)...
Ophalen: Leeuwarden (06270)...
Ophalen: Den Helder (06235)...
Ophalen: Amsterdam (06240)...
Ophalen: De Bilt (06260)...
Ophalen: Deelen (06275)...
Ophalen: Hoogeveen (06279)...
Ophalen: Enschede (06290)...
Ophalen: Vlissingen (06310)...
Ophalen: Hoek van Holland (06330)...
Ophalen: Rotterdam Airport (06344)...
Ophalen: Gilze Rijen (06350)...
Ophalen: Eindhoven (06370)...
Ophalen: Maastricht (06380)...
Ophalen: Gent (06431)...
Ophalen: Antwerpen (06450)...
Ophalen: Kleve (K1176)...
Ophalen: Brussel (06451)...
Ophalen: Kleine Brogel (06479)...
Ophalen: Dollart (E207)...
Ophalen: Wielen (P0122)...
Ophalen: Weeze (10405)...
Ophalen: Valkenburg (06210)...
Ophalen: Volkel (06375)...
Ophalen: Bocholt (10406)...
Ophalen: Nettetal (H512)...
Ophalen: IJsselmeer (E5305)...
Ophalen: Borkum (K1083)...
Data voor 10 dagen
Kaart: kaart_zon_donderdag_12mar2026.png
Kaart: kaart_zon_vrijdag_13mar2026.png
Kaart: kaart_zon_zaterdag_14mar2026.png
Kaart: kaart_zon_zondag_15mar2026.png
Kaart: kaart_zon_maandag_16mar2026.png
Kaart: kaart_zon_dinsdag_17mar2026.png
Kaart: kaart_zon_woensdag_18mar2026.png
Kaart: kaart_zon_donderdag_19mar2026.png
Kaart: kaart_zon_vrijdag_20mar2026.png
Kaart: kaart_zon_zaterdag_21mar2026.png
/Users/aldus/Desktop/KNMI_Project/weerkaarten 2/maak_grafiek.py:195: UserWarning: This figure includes Axes that are not compatible with tight_layout, so results might be incorrect.
  plt.tight_layout(rect=[0, 0, 1, 1])
/Users/aldus/Desktop/KNMI_Project/weerkaarten 2/maak_grafiek.py:329: UserWarning: This figure includes Axes that are not compatible with tight_layout, so results might be incorrect.
  plt.tight_layout(rect=[0, 0, 1, 1])
MOSMIX ophalen (trend)...
  De Bilt (06260)...
  De Kooy (06235)...
  Eelde (06280)...
  Vlissingen (06310)...
  Beek (06380)...
  Rotterdam (06344)...
  Hoek v. Holland (06330)...
Grafiek: grafiek_trend.png
MOSMIX ophalen (windtrend)...
  Vlieland (06242)...
  De Kooy (06235)...
  Leeuwarden (06270)...
  Hoek v. Holland (06330)...
  Vlissingen (06310)...
Grafiek: grafiek_wind.png
Bestaande data geladen: 71 dagen
  2026-01-01: al in cache, overgeslagen
  2026-01-02: al in cache, overgeslagen
  2026-01-03: al in cache, overgeslagen
  2026-01-04: al in cache, overgeslagen
  2026-01-05: al in cache, overgeslagen
  2026-01-06: al in cache, overgeslagen
  2026-01-07: al in cache, overgeslagen
  2026-01-08: al in cache, overgeslagen
  2026-01-09: al in cache, overgeslagen
  2026-01-10: al in cache, overgeslagen
  2026-01-11: al in cache, overgeslagen
  2026-01-12: al in cache, overgeslagen
  2026-01-13: al in cache, overgeslagen
  2026-01-14: al in cache, overgeslagen
  2026-01-15: al in cache, overgeslagen
  2026-01-16: al in cache, overgeslagen
  2026-01-17: al in cache, overgeslagen
  2026-01-18: al in cache, overgeslagen
  2026-01-19: al in cache, overgeslagen
  2026-01-20: al in cache, overgeslagen
  2026-01-21: al in cache, overgeslagen
  2026-01-22: al in cache, overgeslagen
  2026-01-23: al in cache, overgeslagen
  2026-01-24: al in cache, overgeslagen
  2026-01-25: al in cache, overgeslagen
  2026-01-26: al in cache, overgeslagen
  2026-01-27: al in cache, overgeslagen
  2026-01-28: al in cache, overgeslagen
  2026-01-29: al in cache, overgeslagen
  2026-01-30: al in cache, overgeslagen
  2026-01-31: al in cache, overgeslagen
  2026-02-01: al in cache, overgeslagen
  2026-02-02: al in cache, overgeslagen
  2026-02-03: al in cache, overgeslagen
  2026-02-04: al in cache, overgeslagen
  2026-02-05: al in cache, overgeslagen
  2026-02-06: al in cache, overgeslagen
  2026-02-07: al in cache, overgeslagen
  2026-02-08: al in cache, overgeslagen
  2026-02-09: al in cache, overgeslagen
  2026-02-10: al in cache, overgeslagen
  2026-02-11: al in cache, overgeslagen
  2026-02-12: al in cache, overgeslagen
  2026-02-13: al in cache, overgeslagen
  2026-02-14: al in cache, overgeslagen
  2026-02-15: al in cache, overgeslagen
  2026-02-16: al in cache, overgeslagen
  2026-02-17: al in cache, overgeslagen
  2026-02-18: al in cache, overgeslagen
  2026-02-19: al in cache, overgeslagen
  2026-02-20: al in cache, overgeslagen
  2026-02-21: al in cache, overgeslagen
  2026-02-22: al in cache, overgeslagen
  2026-02-23: al in cache, overgeslagen
  2026-02-24: al in cache, overgeslagen
  2026-02-25: al in cache, overgeslagen
  2026-02-26: al in cache, overgeslagen
  2026-02-27: al in cache, overgeslagen
  2026-02-28: al in cache, overgeslagen
  2026-03-01: al in cache, overgeslagen
  2026-03-02: al in cache, overgeslagen
  2026-03-03: al in cache, overgeslagen
  2026-03-04: al in cache, overgeslagen
  2026-03-05: al in cache, overgeslagen
  2026-03-06: al in cache, overgeslagen
  2026-03-07: al in cache, overgeslagen
  2026-03-08: al in cache, overgeslagen
  2026-03-09: al in cache, overgeslagen
  2026-03-10: al in cache, overgeslagen
  2026-03-11: al in cache, overgeslagen
  Ophalen 2026-03-12 (tot nu)...
    TX top3: [(12.7, 'Volkel'), (12.7, 'Hoek van Holland'), (12.7, 'Ell')]
    TN top3: [(2.3, 'Eindhoven'), (2.3, 'Volkel'), (2.4, 'Eelde')]
    RR top3: [(29.2, 'Ell'), (0.0, 'Woensdrecht'), (0.0, 'Wilhelminadorp')]

toplijst.json bijgewerkt (71 dagen)
index.json: 50 kaarten
=== Klaar ===
=== 2026-03-12 21:30:05 ===
MOSMIX ophalen (temperatuur)...
Ophalen: Eelde (06280)...
Ophalen: Terschelling (06250)...
Ophalen: Vlieland (06242)...
Ophalen: Leeuwarden (06270)...
Ophalen: Den Helder (06235)...
Ophalen: Amsterdam (06240)...
Ophalen: De Bilt (06260)...
Ophalen: Deelen (06275)...
Ophalen: Hoogeveen (06279)...
Ophalen: Enschede (06290)...
Ophalen: Vlissingen (06310)...
Ophalen: Hoek van Holland (06330)...
Ophalen: Rotterdam Airport (06344)...
Ophalen: Gilze Rijen (06350)...
Ophalen: Eindhoven (06370)...
Ophalen: Maastricht (06380)...
Ophalen: Gent (06431)...
Ophalen: Antwerpen (06450)...
Ophalen: Kleve (K1176)...
Ophalen: Brussel (06451)...
Ophalen: Kleine Brogel (06479)...
Ophalen: Dollart (E207)...
Ophalen: Wielen (P0122)...
Ophalen: Weeze (10405)...
Ophalen: Valkenburg (06210)...
Ophalen: Volkel (06375)...
Ophalen: Bocholt (10406)...
Ophalen: Nettetal (H512)...
Ophalen: IJsselmeer (E5305)...
Ophalen: Borkum (K1083)...
Data voor 10 dagen
Kaart: kaart_donderdag_12mar2026.png
Kaart: kaart_vrijdag_13mar2026.png
Kaart: kaart_zaterdag_14mar2026.png
Kaart: kaart_zondag_15mar2026.png
Kaart: kaart_maandag_16mar2026.png
Kaart: kaart_dinsdag_17mar2026.png
Kaart: kaart_woensdag_18mar2026.png
Kaart: kaart_donderdag_19mar2026.png
Kaart: kaart_vrijdag_20mar2026.png
Kaart: kaart_zaterdag_21mar2026.png
MOSMIX ophalen (neerslag)...
Ophalen: Eelde (06280)...
Ophalen: Terschelling (06250)...
Ophalen: Vlieland (06242)...
Ophalen: Leeuwarden (06270)...
Ophalen: Den Helder (06235)...
Ophalen: Amsterdam (06240)...
Ophalen: De Bilt (06260)...
Ophalen: Deelen (06275)...
Ophalen: Hoogeveen (06279)...
Ophalen: Enschede (06290)...
Ophalen: Vlissingen (06310)...
Ophalen: Hoek van Holland (06330)...
Ophalen: Rotterdam Airport (06344)...
Ophalen: Gilze Rijen (06350)...
Ophalen: Eindhoven (06370)...
Ophalen: Maastricht (06380)...
Ophalen: Gent (06431)...
Ophalen: Antwerpen (06450)...
Ophalen: Kleve (K1176)...
Ophalen: Brussel (06451)...
Ophalen: Kleine Brogel (06479)...
Ophalen: Dollart (E207)...
Ophalen: Wielen (P0122)...
Ophalen: Weeze (10405)...
Ophalen: Valkenburg (06210)...
Ophalen: Volkel (06375)...
Ophalen: Bocholt (10406)...
Ophalen: Nettetal (H512)...
Ophalen: IJsselmeer (E5305)...
Ophalen: Borkum (K1083)...
Data voor 10 dagen
Kaart: kaart_regen_donderdag_12mar2026.png
Kaart: kaart_regen_vrijdag_13mar2026.png
Kaart: kaart_regen_zaterdag_14mar2026.png
Kaart: kaart_regen_zondag_15mar2026.png
Kaart: kaart_regen_maandag_16mar2026.png
Kaart: kaart_regen_dinsdag_17mar2026.png
Kaart: kaart_regen_woensdag_18mar2026.png
Kaart: kaart_regen_donderdag_19mar2026.png
Kaart: kaart_regen_vrijdag_20mar2026.png
Kaart: kaart_regen_zaterdag_21mar2026.png
MOSMIX ophalen (wind dag 06-18u)...
Ophalen: Eelde (06280)...
Ophalen: Terschelling (06250)...
Ophalen: Vlieland (06242)...
Ophalen: Leeuwarden (06270)...
Ophalen: Den Helder (06235)...
Ophalen: Amsterdam (06240)...
Ophalen: De Bilt (06260)...
Ophalen: Deelen (06275)...
Ophalen: Hoogeveen (06279)...
Ophalen: Enschede (06290)...
Ophalen: Vlissingen (06310)...
Ophalen: Hoek van Holland (06330)...
Ophalen: Rotterdam Airport (06344)...
Ophalen: Gilze Rijen (06350)...
Ophalen: Eindhoven (06370)...
Ophalen: Maastricht (06380)...
Ophalen: Gent (06431)...
Ophalen: Antwerpen (06450)...
Ophalen: Kleve (K1176)...
Ophalen: Brussel (06451)...
Ophalen: Kleine Brogel (06479)...
Ophalen: Dollart (E207)...
Ophalen: Wielen (P0122)...
Ophalen: Weeze (10405)...
Ophalen: Valkenburg (06210)...
Ophalen: Volkel (06375)...
Ophalen: Bocholt (10406)...
Ophalen: Nettetal (H512)...
Ophalen: IJsselmeer (E5305)...
Ophalen: Borkum (K1083)...
Data voor 10 dagen
Kaart: kaart_wind_donderdag_12mar2026.png
Kaart: kaart_wind_vrijdag_13mar2026.png
Kaart: kaart_wind_zaterdag_14mar2026.png
Kaart: kaart_wind_zondag_15mar2026.png
Kaart: kaart_wind_maandag_16mar2026.png
Kaart: kaart_wind_dinsdag_17mar2026.png
Kaart: kaart_wind_woensdag_18mar2026.png
Kaart: kaart_wind_donderdag_19mar2026.png
Kaart: kaart_wind_vrijdag_20mar2026.png
Kaart: kaart_wind_zaterdag_21mar2026.png
MOSMIX ophalen (wind nacht 18-06u)...
Ophalen: Eelde (06280)...
Ophalen: Terschelling (06250)...
Ophalen: Vlieland (06242)...
Ophalen: Leeuwarden (06270)...
Ophalen: Den Helder (06235)...
Ophalen: Amsterdam (06240)...
Ophalen: De Bilt (06260)...
Ophalen: Deelen (06275)...
Ophalen: Hoogeveen (06279)...
Ophalen: Enschede (06290)...
Ophalen: Vlissingen (06310)...
Ophalen: Hoek van Holland (06330)...
Ophalen: Rotterdam Airport (06344)...
Ophalen: Gilze Rijen (06350)...
Ophalen: Eindhoven (06370)...
Ophalen: Maastricht (06380)...
Ophalen: Gent (06431)...
Ophalen: Antwerpen (06450)...
Ophalen: Kleve (K1176)...
Ophalen: Brussel (06451)...
Ophalen: Kleine Brogel (06479)...
Ophalen: Dollart (E207)...
Ophalen: Wielen (P0122)...
Ophalen: Weeze (10405)...
Ophalen: Valkenburg (06210)...
Ophalen: Volkel (06375)...
Ophalen: Bocholt (10406)...
Ophalen: Nettetal (H512)...
Ophalen: IJsselmeer (E5305)...
Ophalen: Borkum (K1083)...
Data voor 10 dagen
Kaart: kaart_wind_nacht_donderdag_12mar2026.png
Kaart: kaart_wind_nacht_vrijdag_13mar2026.png
Kaart: kaart_wind_nacht_zaterdag_14mar2026.png
Kaart: kaart_wind_nacht_zondag_15mar2026.png
Kaart: kaart_wind_nacht_maandag_16mar2026.png
Kaart: kaart_wind_nacht_dinsdag_17mar2026.png
Kaart: kaart_wind_nacht_woensdag_18mar2026.png
Kaart: kaart_wind_nacht_donderdag_19mar2026.png
Kaart: kaart_wind_nacht_vrijdag_20mar2026.png
Kaart: kaart_wind_nacht_zaterdag_21mar2026.png
MOSMIX ophalen (zon/bewolking)...
Ophalen: Eelde (06280)...
Ophalen: Terschelling (06250)...
Ophalen: Vlieland (06242)...
Ophalen: Leeuwarden (06270)...
Ophalen: Den Helder (06235)...
Ophalen: Amsterdam (06240)...
Ophalen: De Bilt (06260)...
Ophalen: Deelen (06275)...
Ophalen: Hoogeveen (06279)...
Ophalen: Enschede (06290)...
Ophalen: Vlissingen (06310)...
Ophalen: Hoek van Holland (06330)...
Ophalen: Rotterdam Airport (06344)...
Ophalen: Gilze Rijen (06350)...
Ophalen: Eindhoven (06370)...
Ophalen: Maastricht (06380)...
Ophalen: Gent (06431)...
Ophalen: Antwerpen (06450)...
Ophalen: Kleve (K1176)...
Ophalen: Brussel (06451)...
Ophalen: Kleine Brogel (06479)...
Ophalen: Dollart (E207)...
Ophalen: Wielen (P0122)...
Ophalen: Weeze (10405)...
Ophalen: Valkenburg (06210)...
Ophalen: Volkel (06375)...
Ophalen: Bocholt (10406)...
Ophalen: Nettetal (H512)...
Ophalen: IJsselmeer (E5305)...
Ophalen: Borkum (K1083)...
Data voor 10 dagen
Kaart: kaart_zon_donderdag_12mar2026.png
Kaart: kaart_zon_vrijdag_13mar2026.png
Kaart: kaart_zon_zaterdag_14mar2026.png
Kaart: kaart_zon_zondag_15mar2026.png
Kaart: kaart_zon_maandag_16mar2026.png
Kaart: kaart_zon_dinsdag_17mar2026.png
Kaart: kaart_zon_woensdag_18mar2026.png
Kaart: kaart_zon_donderdag_19mar2026.png
Kaart: kaart_zon_vrijdag_20mar2026.png
Kaart: kaart_zon_zaterdag_21mar2026.png
/Users/aldus/Desktop/KNMI_Project/weerkaarten 2/maak_grafiek.py:195: UserWarning: This figure includes Axes that are not compatible with tight_layout, so results might be incorrect.
  plt.tight_layout(rect=[0, 0, 1, 1])
/Users/aldus/Desktop/KNMI_Project/weerkaarten 2/maak_grafiek.py:329: UserWarning: This figure includes Axes that are not compatible with tight_layout, so results might be incorrect.
  plt.tight_layout(rect=[0, 0, 1, 1])
MOSMIX ophalen (trend)...
  De Bilt (06260)...
  De Kooy (06235)...
  Eelde (06280)...
  Vlissingen (06310)...
  Beek (06380)...
  Rotterdam (06344)...
  Hoek v. Holland (06330)...
Grafiek: grafiek_trend.png
MOSMIX ophalen (windtrend)...
  Vlieland (06242)...
  De Kooy (06235)...
  Leeuwarden (06270)...
  Hoek v. Holland (06330)...
  Vlissingen (06310)...
Grafiek: grafiek_wind.png
Bestaande data geladen: 71 dagen
  2026-01-01: al in cache, overgeslagen
  2026-01-02: al in cache, overgeslagen
  2026-01-03: al in cache, overgeslagen
  2026-01-04: al in cache, overgeslagen
  2026-01-05: al in cache, overgeslagen
  2026-01-06: al in cache, overgeslagen
  2026-01-07: al in cache, overgeslagen
  2026-01-08: al in cache, overgeslagen
  2026-01-09: al in cache, overgeslagen
  2026-01-10: al in cache, overgeslagen
  2026-01-11: al in cache, overgeslagen
  2026-01-12: al in cache, overgeslagen
  2026-01-13: al in cache, overgeslagen
  2026-01-14: al in cache, overgeslagen
  2026-01-15: al in cache, overgeslagen
  2026-01-16: al in cache, overgeslagen
  2026-01-17: al in cache, overgeslagen
  2026-01-18: al in cache, overgeslagen
  2026-01-19: al in cache, overgeslagen
  2026-01-20: al in cache, overgeslagen
  2026-01-21: al in cache, overgeslagen
  2026-01-22: al in cache, overgeslagen
  2026-01-23: al in cache, overgeslagen
  2026-01-24: al in cache, overgeslagen
  2026-01-25: al in cache, overgeslagen
  2026-01-26: al in cache, overgeslagen
  2026-01-27: al in cache, overgeslagen
  2026-01-28: al in cache, overgeslagen
  2026-01-29: al in cache, overgeslagen
  2026-01-30: al in cache, overgeslagen
  2026-01-31: al in cache, overgeslagen
  2026-02-01: al in cache, overgeslagen
  2026-02-02: al in cache, overgeslagen
  2026-02-03: al in cache, overgeslagen
  2026-02-04: al in cache, overgeslagen
  2026-02-05: al in cache, overgeslagen
  2026-02-06: al in cache, overgeslagen
  2026-02-07: al in cache, overgeslagen
  2026-02-08: al in cache, overgeslagen
  2026-02-09: al in cache, overgeslagen
  2026-02-10: al in cache, overgeslagen
  2026-02-11: al in cache, overgeslagen
  2026-02-12: al in cache, overgeslagen
  2026-02-13: al in cache, overgeslagen
  2026-02-14: al in cache, overgeslagen
  2026-02-15: al in cache, overgeslagen
  2026-02-16: al in cache, overgeslagen
  2026-02-17: al in cache, overgeslagen
  2026-02-18: al in cache, overgeslagen
  2026-02-19: al in cache, overgeslagen
  2026-02-20: al in cache, overgeslagen
  2026-02-21: al in cache, overgeslagen
  2026-02-22: al in cache, overgeslagen
  2026-02-23: al in cache, overgeslagen
  2026-02-24: al in cache, overgeslagen
  2026-02-25: al in cache, overgeslagen
  2026-02-26: al in cache, overgeslagen
  2026-02-27: al in cache, overgeslagen
  2026-02-28: al in cache, overgeslagen
  2026-03-01: al in cache, overgeslagen
  2026-03-02: al in cache, overgeslagen
  2026-03-03: al in cache, overgeslagen
  2026-03-04: al in cache, overgeslagen
  2026-03-05: al in cache, overgeslagen
  2026-03-06: al in cache, overgeslagen
  2026-03-07: al in cache, overgeslagen
  2026-03-08: al in cache, overgeslagen
  2026-03-09: al in cache, overgeslagen
  2026-03-10: al in cache, overgeslagen
  2026-03-11: al in cache, overgeslagen
  Ophalen 2026-03-12 (tot nu)...
    TX top3: [(13.2, 'Eindhoven'), (13.0, 'Ell'), (12.8, 'Volkel')]
    TN top3: [(2.1, 'Volkel'), (2.3, 'Eindhoven'), (2.4, 'Eelde')]
    RR top3: [(33.0, 'Ell'), (0.0, 'Woensdrecht'), (0.0, 'Wilhelminadorp')]

toplijst.json bijgewerkt (71 dagen)
index.json: 50 kaarten
=== Klaar ===
=== 2026-03-13 03:30:05 ===
MOSMIX ophalen (temperatuur)...
Ophalen: Eelde (06280)...
Ophalen: Terschelling (06250)...
Ophalen: Vlieland (06242)...
Ophalen: Leeuwarden (06270)...
Ophalen: Den Helder (06235)...
Ophalen: Amsterdam (06240)...
Ophalen: De Bilt (06260)...
Ophalen: Deelen (06275)...
Ophalen: Hoogeveen (06279)...
Ophalen: Enschede (06290)...
Ophalen: Vlissingen (06310)...
Ophalen: Hoek van Holland (06330)...
Ophalen: Rotterdam Airport (06344)...
Ophalen: Gilze Rijen (06350)...
Ophalen: Eindhoven (06370)...
Ophalen: Maastricht (06380)...
Ophalen: Gent (06431)...
Ophalen: Antwerpen (06450)...
Ophalen: Kleve (K1176)...
Ophalen: Brussel (06451)...
Ophalen: Kleine Brogel (06479)...
Ophalen: Dollart (E207)...
Ophalen: Wielen (P0122)...
Ophalen: Weeze (10405)...
Ophalen: Valkenburg (06210)...
Ophalen: Volkel (06375)...
Ophalen: Bocholt (10406)...
Ophalen: Nettetal (H512)...
Ophalen: IJsselmeer (E5305)...
Ophalen: Borkum (K1083)...
Data voor 10 dagen
Kaart: kaart_vrijdag_13mar2026.png
Kaart: kaart_zaterdag_14mar2026.png
Kaart: kaart_zondag_15mar2026.png
Kaart: kaart_maandag_16mar2026.png
Kaart: kaart_dinsdag_17mar2026.png
Kaart: kaart_woensdag_18mar2026.png
Kaart: kaart_donderdag_19mar2026.png
Kaart: kaart_vrijdag_20mar2026.png
Kaart: kaart_zaterdag_21mar2026.png
Kaart: kaart_zondag_22mar2026.png
MOSMIX ophalen (neerslag)...
Ophalen: Eelde (06280)...
Ophalen: Terschelling (06250)...
Ophalen: Vlieland (06242)...
Ophalen: Leeuwarden (06270)...
Ophalen: Den Helder (06235)...
Ophalen: Amsterdam (06240)...
Ophalen: De Bilt (06260)...
Ophalen: Deelen (06275)...
Ophalen: Hoogeveen (06279)...
Ophalen: Enschede (06290)...
Ophalen: Vlissingen (06310)...
Ophalen: Hoek van Holland (06330)...
Ophalen: Rotterdam Airport (06344)...
Ophalen: Gilze Rijen (06350)...
Ophalen: Eindhoven (06370)...
Ophalen: Maastricht (06380)...
Ophalen: Gent (06431)...
Ophalen: Antwerpen (06450)...
Ophalen: Kleve (K1176)...
Ophalen: Brussel (06451)...
Ophalen: Kleine Brogel (06479)...
Ophalen: Dollart (E207)...
Ophalen: Wielen (P0122)...
Ophalen: Weeze (10405)...
Ophalen: Valkenburg (06210)...
Ophalen: Volkel (06375)...
Ophalen: Bocholt (10406)...
Ophalen: Nettetal (H512)...
Ophalen: IJsselmeer (E5305)...
Ophalen: Borkum (K1083)...
Data voor 10 dagen
Kaart: kaart_regen_donderdag_12mar2026.png
Kaart: kaart_regen_vrijdag_13mar2026.png
Kaart: kaart_regen_zaterdag_14mar2026.png
Kaart: kaart_regen_zondag_15mar2026.png
Kaart: kaart_regen_maandag_16mar2026.png
Kaart: kaart_regen_dinsdag_17mar2026.png
Kaart: kaart_regen_woensdag_18mar2026.png
Kaart: kaart_regen_donderdag_19mar2026.png
Kaart: kaart_regen_vrijdag_20mar2026.png
Kaart: kaart_regen_zaterdag_21mar2026.png
MOSMIX ophalen (wind dag 06-18u)...
Ophalen: Eelde (06280)...
Ophalen: Terschelling (06250)...
Ophalen: Vlieland (06242)...
Ophalen: Leeuwarden (06270)...
Ophalen: Den Helder (06235)...
Ophalen: Amsterdam (06240)...
Ophalen: De Bilt (06260)...
Ophalen: Deelen (06275)...
Ophalen: Hoogeveen (06279)...
Ophalen: Enschede (06290)...
Ophalen: Vlissingen (06310)...
Ophalen: Hoek van Holland (06330)...
Ophalen: Rotterdam Airport (06344)...
Ophalen: Gilze Rijen (06350)...
Ophalen: Eindhoven (06370)...
Ophalen: Maastricht (06380)...
Ophalen: Gent (06431)...
Ophalen: Antwerpen (06450)...
Ophalen: Kleve (K1176)...
Ophalen: Brussel (06451)...
Ophalen: Kleine Brogel (06479)...
Ophalen: Dollart (E207)...
Ophalen: Wielen (P0122)...
Ophalen: Weeze (10405)...
Ophalen: Valkenburg (06210)...
Ophalen: Volkel (06375)...
Ophalen: Bocholt (10406)...
Ophalen: Nettetal (H512)...
Ophalen: IJsselmeer (E5305)...
Ophalen: Borkum (K1083)...
Data voor 10 dagen
Kaart: kaart_wind_vrijdag_13mar2026.png
Kaart: kaart_wind_zaterdag_14mar2026.png
Kaart: kaart_wind_zondag_15mar2026.png
Kaart: kaart_wind_maandag_16mar2026.png
Kaart: kaart_wind_dinsdag_17mar2026.png
Kaart: kaart_wind_woensdag_18mar2026.png
Kaart: kaart_wind_donderdag_19mar2026.png
Kaart: kaart_wind_vrijdag_20mar2026.png
Kaart: kaart_wind_zaterdag_21mar2026.png
Kaart: kaart_wind_zondag_22mar2026.png
MOSMIX ophalen (wind nacht 18-06u)...
Ophalen: Eelde (06280)...
Ophalen: Terschelling (06250)...
Ophalen: Vlieland (06242)...
Ophalen: Leeuwarden (06270)...
Ophalen: Den Helder (06235)...
Ophalen: Amsterdam (06240)...
Ophalen: De Bilt (06260)...
Ophalen: Deelen (06275)...
Ophalen: Hoogeveen (06279)...
Ophalen: Enschede (06290)...
Ophalen: Vlissingen (06310)...
Ophalen: Hoek van Holland (06330)...
Ophalen: Rotterdam Airport (06344)...
Ophalen: Gilze Rijen (06350)...
Ophalen: Eindhoven (06370)...
Ophalen: Maastricht (06380)...
Ophalen: Gent (06431)...
Ophalen: Antwerpen (06450)...
Ophalen: Kleve (K1176)...
Ophalen: Brussel (06451)...
Ophalen: Kleine Brogel (06479)...
Ophalen: Dollart (E207)...
Ophalen: Wielen (P0122)...
Ophalen: Weeze (10405)...
Ophalen: Valkenburg (06210)...
Ophalen: Volkel (06375)...
Ophalen: Bocholt (10406)...
Ophalen: Nettetal (H512)...
Ophalen: IJsselmeer (E5305)...
Ophalen: Borkum (K1083)...
Data voor 10 dagen
Kaart: kaart_wind_nacht_donderdag_12mar2026.png
Kaart: kaart_wind_nacht_vrijdag_13mar2026.png
Kaart: kaart_wind_nacht_zaterdag_14mar2026.png
Kaart: kaart_wind_nacht_zondag_15mar2026.png
Kaart: kaart_wind_nacht_maandag_16mar2026.png
Kaart: kaart_wind_nacht_dinsdag_17mar2026.png
Kaart: kaart_wind_nacht_woensdag_18mar2026.png
Kaart: kaart_wind_nacht_donderdag_19mar2026.png
Kaart: kaart_wind_nacht_vrijdag_20mar2026.png
Kaart: kaart_wind_nacht_zaterdag_21mar2026.png
MOSMIX ophalen (zon/bewolking)...
Ophalen: Eelde (06280)...
Ophalen: Terschelling (06250)...
Ophalen: Vlieland (06242)...
Ophalen: Leeuwarden (06270)...
Ophalen: Den Helder (06235)...
Ophalen: Amsterdam (06240)...
Ophalen: De Bilt (06260)...
Ophalen: Deelen (06275)...
Ophalen: Hoogeveen (06279)...
Ophalen: Enschede (06290)...
Ophalen: Vlissingen (06310)...
Ophalen: Hoek van Holland (06330)...
Ophalen: Rotterdam Airport (06344)...
Ophalen: Gilze Rijen (06350)...
Ophalen: Eindhoven (06370)...
Ophalen: Maastricht (06380)...
Ophalen: Gent (06431)...
Ophalen: Antwerpen (06450)...
Ophalen: Kleve (K1176)...
Ophalen: Brussel (06451)...
Ophalen: Kleine Brogel (06479)...
Ophalen: Dollart (E207)...
Ophalen: Wielen (P0122)...
Ophalen: Weeze (10405)...
Ophalen: Valkenburg (06210)...
Ophalen: Volkel (06375)...
Ophalen: Bocholt (10406)...
Ophalen: Nettetal (H512)...
Ophalen: IJsselmeer (E5305)...
Ophalen: Borkum (K1083)...
Data voor 10 dagen
Kaart: kaart_zon_donderdag_12mar2026.png
Kaart: kaart_zon_vrijdag_13mar2026.png
Kaart: kaart_zon_zaterdag_14mar2026.png
Kaart: kaart_zon_zondag_15mar2026.png
Kaart: kaart_zon_maandag_16mar2026.png
Kaart: kaart_zon_dinsdag_17mar2026.png
Kaart: kaart_zon_woensdag_18mar2026.png
Kaart: kaart_zon_donderdag_19mar2026.png
Kaart: kaart_zon_vrijdag_20mar2026.png
Kaart: kaart_zon_zaterdag_21mar2026.png
/Users/aldus/Desktop/KNMI_Project/weerkaarten 2/maak_grafiek.py:195: UserWarning: This figure includes Axes that are not compatible with tight_layout, so results might be incorrect.
  plt.tight_layout(rect=[0, 0, 1, 1])
/Users/aldus/Desktop/KNMI_Project/weerkaarten 2/maak_grafiek.py:329: UserWarning: This figure includes Axes that are not compatible with tight_layout, so results might be incorrect.
  plt.tight_layout(rect=[0, 0, 1, 1])
MOSMIX ophalen (trend)...
  De Bilt (06260)...
  De Kooy (06235)...
  Eelde (06280)...
  Vlissingen (06310)...
  Beek (06380)...
  Rotterdam (06344)...
  Hoek v. Holland (06330)...
Grafiek: grafiek_trend.png
MOSMIX ophalen (windtrend)...
  Vlieland (06242)...
  De Kooy (06235)...
  Leeuwarden (06270)...
  Hoek v. Holland (06330)...
  Vlissingen (06310)...
Grafiek: grafiek_wind.png
Bestaande data geladen: 72 dagen
  2026-01-01: al in cache, overgeslagen
  2026-01-02: al in cache, overgeslagen
  2026-01-03: al in cache, overgeslagen
  2026-01-04: al in cache, overgeslagen
  2026-01-05: al in cache, overgeslagen
  2026-01-06: al in cache, overgeslagen
  2026-01-07: al in cache, overgeslagen
  2026-01-08: al in cache, overgeslagen
  2026-01-09: al in cache, overgeslagen
  2026-01-10: al in cache, overgeslagen
  2026-01-11: al in cache, overgeslagen
  2026-01-12: al in cache, overgeslagen
  2026-01-13: al in cache, overgeslagen
  2026-01-14: al in cache, overgeslagen
  2026-01-15: al in cache, overgeslagen
  2026-01-16: al in cache, overgeslagen
  2026-01-17: al in cache, overgeslagen
  2026-01-18: al in cache, overgeslagen
  2026-01-19: al in cache, overgeslagen
  2026-01-20: al in cache, overgeslagen
  2026-01-21: al in cache, overgeslagen
  2026-01-22: al in cache, overgeslagen
  2026-01-23: al in cache, overgeslagen
  2026-01-24: al in cache, overgeslagen
  2026-01-25: al in cache, overgeslagen
  2026-01-26: al in cache, overgeslagen
  2026-01-27: al in cache, overgeslagen
  2026-01-28: al in cache, overgeslagen
  2026-01-29: al in cache, overgeslagen
  2026-01-30: al in cache, overgeslagen
  2026-01-31: al in cache, overgeslagen
  2026-02-01: al in cache, overgeslagen
  2026-02-02: al in cache, overgeslagen
  2026-02-03: al in cache, overgeslagen
  2026-02-04: al in cache, overgeslagen
  2026-02-05: al in cache, overgeslagen
  2026-02-06: al in cache, overgeslagen
  2026-02-07: al in cache, overgeslagen
  2026-02-08: al in cache, overgeslagen
  2026-02-09: al in cache, overgeslagen
  2026-02-10: al in cache, overgeslagen
  2026-02-11: al in cache, overgeslagen
  2026-02-12: al in cache, overgeslagen
  2026-02-13: al in cache, overgeslagen
  2026-02-14: al in cache, overgeslagen
  2026-02-15: al in cache, overgeslagen
  2026-02-16: al in cache, overgeslagen
  2026-02-17: al in cache, overgeslagen
  2026-02-18: al in cache, overgeslagen
  2026-02-19: al in cache, overgeslagen
  2026-02-20: al in cache, overgeslagen
  2026-02-21: al in cache, overgeslagen
  2026-02-22: al in cache, overgeslagen
  2026-02-23: al in cache, overgeslagen
  2026-02-24: al in cache, overgeslagen
  2026-02-25: al in cache, overgeslagen
  2026-02-26: al in cache, overgeslagen
  2026-02-27: al in cache, overgeslagen
  2026-02-28: al in cache, overgeslagen
  2026-03-01: al in cache, overgeslagen
  2026-03-02: al in cache, overgeslagen
  2026-03-03: al in cache, overgeslagen
  2026-03-04: al in cache, overgeslagen
  2026-03-05: al in cache, overgeslagen
  2026-03-06: al in cache, overgeslagen
  2026-03-07: al in cache, overgeslagen
  2026-03-08: al in cache, overgeslagen
  2026-03-09: al in cache, overgeslagen
  2026-03-10: al in cache, overgeslagen
  2026-03-11: al in cache, overgeslagen
  2026-03-12: al in cache, overgeslagen
  Ophalen 2026-03-13 (tot nu)...
    TX top3: [(11.4, 'Wijk aan Zee'), (11.0, 'Den Helder'), (10.8, 'Voorschoten')]
    TN top3: [(8.4, 'Nieuw Beerta'), (8.5, 'Hupsel'), (8.8, 'Hoogeveen')]
    RR top3: [(1.0, 'Ell'), (0.0, 'Woensdrecht'), (0.0, 'Wilhelminadorp')]

toplijst.json bijgewerkt (72 dagen)
index.json: 47 kaarten
=== Klaar ===
=== 2026-03-13 09:30:05 ===
MOSMIX ophalen (temperatuur)...
Ophalen: Eelde (06280)...
Ophalen: Terschelling (06250)...
Ophalen: Vlieland (06242)...
Ophalen: Leeuwarden (06270)...
Ophalen: Den Helder (06235)...
Ophalen: Amsterdam (06240)...
Ophalen: De Bilt (06260)...
Ophalen: Deelen (06275)...
Ophalen: Hoogeveen (06279)...
Ophalen: Enschede (06290)...
Ophalen: Vlissingen (06310)...
Ophalen: Hoek van Holland (06330)...
Ophalen: Rotterdam Airport (06344)...
Ophalen: Gilze Rijen (06350)...
Ophalen: Eindhoven (06370)...
Ophalen: Maastricht (06380)...
Ophalen: Gent (06431)...
Ophalen: Antwerpen (06450)...
Ophalen: Kleve (K1176)...
Ophalen: Brussel (06451)...
Ophalen: Kleine Brogel (06479)...
Ophalen: Dollart (E207)...
Ophalen: Wielen (P0122)...
Ophalen: Weeze (10405)...
Ophalen: Valkenburg (06210)...
Ophalen: Volkel (06375)...
Ophalen: Bocholt (10406)...
Ophalen: Nettetal (H512)...
Ophalen: IJsselmeer (E5305)...
Ophalen: Borkum (K1083)...
Data voor 10 dagen
Kaart: kaart_vrijdag_13mar2026.png
Kaart: kaart_zaterdag_14mar2026.png
Kaart: kaart_zondag_15mar2026.png
Kaart: kaart_maandag_16mar2026.png
Kaart: kaart_dinsdag_17mar2026.png
Kaart: kaart_woensdag_18mar2026.png
Kaart: kaart_donderdag_19mar2026.png
Kaart: kaart_vrijdag_20mar2026.png
Kaart: kaart_zaterdag_21mar2026.png
Kaart: kaart_zondag_22mar2026.png
MOSMIX ophalen (neerslag)...
Ophalen: Eelde (06280)...
Ophalen: Terschelling (06250)...
Ophalen: Vlieland (06242)...
Ophalen: Leeuwarden (06270)...
Ophalen: Den Helder (06235)...
Ophalen: Amsterdam (06240)...
Ophalen: De Bilt (06260)...
Ophalen: Deelen (06275)...
Ophalen: Hoogeveen (06279)...
Ophalen: Enschede (06290)...
Ophalen: Vlissingen (06310)...
Ophalen: Hoek van Holland (06330)...
Ophalen: Rotterdam Airport (06344)...
Ophalen: Gilze Rijen (06350)...
Ophalen: Eindhoven (06370)...
Ophalen: Maastricht (06380)...
Ophalen: Gent (06431)...
Ophalen: Antwerpen (06450)...
Ophalen: Kleve (K1176)...
Ophalen: Brussel (06451)...
Ophalen: Kleine Brogel (06479)...
Ophalen: Dollart (E207)...
Ophalen: Wielen (P0122)...
Ophalen: Weeze (10405)...
Ophalen: Valkenburg (06210)...
Ophalen: Volkel (06375)...
Ophalen: Bocholt (10406)...
Ophalen: Nettetal (H512)...
Ophalen: IJsselmeer (E5305)...
Ophalen: Borkum (K1083)...
Data voor 10 dagen
Kaart: kaart_regen_vrijdag_13mar2026.png
Kaart: kaart_regen_zaterdag_14mar2026.png
Kaart: kaart_regen_zondag_15mar2026.png
Kaart: kaart_regen_maandag_16mar2026.png
Kaart: kaart_regen_dinsdag_17mar2026.png
Kaart: kaart_regen_woensdag_18mar2026.png
Kaart: kaart_regen_donderdag_19mar2026.png
Kaart: kaart_regen_vrijdag_20mar2026.png
Kaart: kaart_regen_zaterdag_21mar2026.png
Kaart: kaart_regen_zondag_22mar2026.png
MOSMIX ophalen (wind dag 06-18u)...
Ophalen: Eelde (06280)...
Ophalen: Terschelling (06250)...
Ophalen: Vlieland (06242)...
Ophalen: Leeuwarden (06270)...
Ophalen: Den Helder (06235)...
Ophalen: Amsterdam (06240)...
Ophalen: De Bilt (06260)...
Ophalen: Deelen (06275)...
Ophalen: Hoogeveen (06279)...
Ophalen: Enschede (06290)...
Ophalen: Vlissingen (06310)...
Ophalen: Hoek van Holland (06330)...
Ophalen: Rotterdam Airport (06344)...
Ophalen: Gilze Rijen (06350)...
Ophalen: Eindhoven (06370)...
Ophalen: Maastricht (06380)...
Ophalen: Gent (06431)...
Ophalen: Antwerpen (06450)...
Ophalen: Kleve (K1176)...
Ophalen: Brussel (06451)...
Ophalen: Kleine Brogel (06479)...
Ophalen: Dollart (E207)...
Ophalen: Wielen (P0122)...
Ophalen: Weeze (10405)...
Ophalen: Valkenburg (06210)...
Ophalen: Volkel (06375)...
Ophalen: Bocholt (10406)...
Ophalen: Nettetal (H512)...
Ophalen: IJsselmeer (E5305)...
Ophalen: Borkum (K1083)...
Data voor 10 dagen
Kaart: kaart_wind_vrijdag_13mar2026.png
Kaart: kaart_wind_zaterdag_14mar2026.png
Kaart: kaart_wind_zondag_15mar2026.png
Kaart: kaart_wind_maandag_16mar2026.png
Kaart: kaart_wind_dinsdag_17mar2026.png
Kaart: kaart_wind_woensdag_18mar2026.png
Kaart: kaart_wind_donderdag_19mar2026.png
Kaart: kaart_wind_vrijdag_20mar2026.png
Kaart: kaart_wind_zaterdag_21mar2026.png
Kaart: kaart_wind_zondag_22mar2026.png
MOSMIX ophalen (wind nacht 18-06u)...
Ophalen: Eelde (06280)...
Ophalen: Terschelling (06250)...
Ophalen: Vlieland (06242)...
Ophalen: Leeuwarden (06270)...
Ophalen: Den Helder (06235)...
Ophalen: Amsterdam (06240)...
Ophalen: De Bilt (06260)...
Ophalen: Deelen (06275)...
Ophalen: Hoogeveen (06279)...
Ophalen: Enschede (06290)...
Ophalen: Vlissingen (06310)...
Ophalen: Hoek van Holland (06330)...
Ophalen: Rotterdam Airport (06344)...
Ophalen: Gilze Rijen (06350)...
Ophalen: Eindhoven (06370)...
Ophalen: Maastricht (06380)...
Ophalen: Gent (06431)...
Ophalen: Antwerpen (06450)...
Ophalen: Kleve (K1176)...
Ophalen: Brussel (06451)...
Ophalen: Kleine Brogel (06479)...
Ophalen: Dollart (E207)...
Ophalen: Wielen (P0122)...
Ophalen: Weeze (10405)...
Ophalen: Valkenburg (06210)...
Ophalen: Volkel (06375)...
Ophalen: Bocholt (10406)...
Ophalen: Nettetal (H512)...
Ophalen: IJsselmeer (E5305)...
Ophalen: Borkum (K1083)...
Data voor 10 dagen
Kaart: kaart_wind_nacht_donderdag_12mar2026.png
Kaart: kaart_wind_nacht_vrijdag_13mar2026.png
Kaart: kaart_wind_nacht_zaterdag_14mar2026.png
Kaart: kaart_wind_nacht_zondag_15mar2026.png
Kaart: kaart_wind_nacht_maandag_16mar2026.png
Kaart: kaart_wind_nacht_dinsdag_17mar2026.png
Kaart: kaart_wind_nacht_woensdag_18mar2026.png
Kaart: kaart_wind_nacht_donderdag_19mar2026.png
Kaart: kaart_wind_nacht_vrijdag_20mar2026.png
Kaart: kaart_wind_nacht_zaterdag_21mar2026.png
MOSMIX ophalen (mist/zichtbaarheid)...
Ophalen: Eelde (06280)...
Ophalen: Terschelling (06250)...
Ophalen: Vlieland (06242)...
Ophalen: Leeuwarden (06270)...
Ophalen: Den Helder (06235)...
Ophalen: Amsterdam (06240)...
Ophalen: De Bilt (06260)...
Ophalen: Deelen (06275)...
Ophalen: Hoogeveen (06279)...
Ophalen: Enschede (06290)...
Ophalen: Vlissingen (06310)...
Ophalen: Hoek van Holland (06330)...
Ophalen: Rotterdam Airport (06344)...
Ophalen: Gilze Rijen (06350)...
Ophalen: Eindhoven (06370)...
Ophalen: Maastricht (06380)...
Ophalen: Gent (06431)...
Ophalen: Antwerpen (06450)...
Ophalen: Kleve (K1176)...
Ophalen: Brussel (06451)...
Ophalen: Kleine Brogel (06479)...
Ophalen: Dollart (E207)...
Ophalen: Wielen (P0122)...
Ophalen: Weeze (10405)...
Ophalen: Valkenburg (06210)...
Ophalen: Volkel (06375)...
Ophalen: Bocholt (10406)...
Ophalen: Nettetal (H512)...
Ophalen: IJsselmeer (E5305)...
Ophalen: Borkum (K1083)...
Data voor 10 dagen
Kaart: kaart_mist_vrijdag_13mar2026.png
Kaart: kaart_mist_zaterdag_14mar2026.png
Kaart: kaart_mist_zondag_15mar2026.png
Kaart: kaart_mist_maandag_16mar2026.png
Kaart: kaart_mist_dinsdag_17mar2026.png
Kaart: kaart_mist_woensdag_18mar2026.png
Kaart: kaart_mist_donderdag_19mar2026.png
Kaart: kaart_mist_vrijdag_20mar2026.png
Kaart: kaart_mist_zaterdag_21mar2026.png
Kaart: kaart_mist_zondag_22mar2026.png
MOSMIX ophalen (zon/bewolking)...
Ophalen: Eelde (06280)...
Ophalen: Terschelling (06250)...
Ophalen: Vlieland (06242)...
Ophalen: Leeuwarden (06270)...
Ophalen: Den Helder (06235)...
Ophalen: Amsterdam (06240)...
Ophalen: De Bilt (06260)...
Ophalen: Deelen (06275)...
Ophalen: Hoogeveen (06279)...
Ophalen: Enschede (06290)...
Ophalen: Vlissingen (06310)...
Ophalen: Hoek van Holland (06330)...
Ophalen: Rotterdam Airport (06344)...
Ophalen: Gilze Rijen (06350)...
Ophalen: Eindhoven (06370)...
Ophalen: Maastricht (06380)...
Ophalen: Gent (06431)...
Ophalen: Antwerpen (06450)...
Ophalen: Kleve (K1176)...
Ophalen: Brussel (06451)...
Ophalen: Kleine Brogel (06479)...
Ophalen: Dollart (E207)...
Ophalen: Wielen (P0122)...
Ophalen: Weeze (10405)...
Ophalen: Valkenburg (06210)...
Ophalen: Volkel (06375)...
Ophalen: Bocholt (10406)...
Ophalen: Nettetal (H512)...
Ophalen: IJsselmeer (E5305)...
Ophalen: Borkum (K1083)...
Data voor 10 dagen
Kaart: kaart_zon_vrijdag_13mar2026.png
Kaart: kaart_zon_zaterdag_14mar2026.png
Kaart: kaart_zon_zondag_15mar2026.png
Kaart: kaart_zon_maandag_16mar2026.png
Kaart: kaart_zon_dinsdag_17mar2026.png
Kaart: kaart_zon_woensdag_18mar2026.png
Kaart: kaart_zon_donderdag_19mar2026.png
Kaart: kaart_zon_vrijdag_20mar2026.png
Kaart: kaart_zon_zaterdag_21mar2026.png
Kaart: kaart_zon_zondag_22mar2026.png
/Users/aldus/Desktop/KNMI_Project/weerkaarten 2/maak_grafiek.py:158: DeprecationWarning: Testing an element's truth value will always return True in future versions.  Use specific 'len(elem)' or 'elem is not None' test instead.
  root = cache_root.get(code) or download_kmz(code)
MOSMIX ophalen (trend)...
  De Bilt (06260)...
  De Kooy (06235)...
  Eelde (06280)...
  Vlissingen (06310)...
  Beek (06380)...
  Rotterdam (06344)...
  Hoek v. Holland (06330)...
  Twenthe (06290)...
  Wind Vlieland (06242)...
  Wind De Kooy (06235)...
  Wind Leeuwarden (06270)...
  Wind Hoek v. Holland (06330)...
  Wind Vlissingen (06310)...
Grafiek opgeslagen: grafiek_trend.png
Bestaande data geladen: 72 dagen
  Ophalen 2026-03-13 (tot nu)...
    TX top3: [(11.4, 'Wijk aan Zee'), (11.4, 'Westdorpe'), (11.2, 'Woensdrecht')]
    TN top3: [(5.8, 'Leeuwarden'), (5.9, 'Terschelling'), (6.0, 'Vlieland')]
    RR top3: [(7.8, 'Berkhout'), (7.1, 'Stavoren'), (6.5, 'Den Helder')]
  2026-01-01: al in cache, overgeslagen
  2026-01-02: al in cache, overgeslagen
  2026-01-03: al in cache, overgeslagen
  2026-01-04: al in cache, overgeslagen
  2026-01-05: al in cache, overgeslagen
  2026-01-06: al in cache, overgeslagen
  2026-01-07: al in cache, overgeslagen
  2026-01-08: al in cache, overgeslagen
  2026-01-09: al in cache, overgeslagen
  2026-01-10: al in cache, overgeslagen
  2026-01-11: al in cache, overgeslagen
  2026-01-12: al in cache, overgeslagen
  2026-01-13: al in cache, overgeslagen
  2026-01-14: al in cache, overgeslagen
  2026-01-15: al in cache, overgeslagen
  2026-01-16: al in cache, overgeslagen
  2026-01-17: al in cache, overgeslagen
  2026-01-18: al in cache, overgeslagen
  2026-01-19: al in cache, overgeslagen
  2026-01-20: al in cache, overgeslagen
  2026-01-21: al in cache, overgeslagen
  2026-01-22: al in cache, overgeslagen
  2026-01-23: al in cache, overgeslagen
  2026-01-24: al in cache, overgeslagen
  2026-01-25: al in cache, overgeslagen
  2026-01-26: al in cache, overgeslagen
  2026-01-27: al in cache, overgeslagen
  2026-01-28: al in cache, overgeslagen
  2026-01-29: al in cache, overgeslagen
  2026-01-30: al in cache, overgeslagen
  2026-01-31: al in cache, overgeslagen
  2026-02-01: al in cache, overgeslagen
  2026-02-02: al in cache, overgeslagen
  2026-02-03: al in cache, overgeslagen
  2026-02-04: al in cache, overgeslagen
  2026-02-05: al in cache, overgeslagen
  2026-02-06: al in cache, overgeslagen
  2026-02-07: al in cache, overgeslagen
  2026-02-08: al in cache, overgeslagen
  2026-02-09: al in cache, overgeslagen
  2026-02-10: al in cache, overgeslagen
  2026-02-11: al in cache, overgeslagen
  2026-02-12: al in cache, overgeslagen
  2026-02-13: al in cache, overgeslagen
  2026-02-14: al in cache, overgeslagen
  2026-02-15: al in cache, overgeslagen
  2026-02-16: al in cache, overgeslagen
  2026-02-17: al in cache, overgeslagen
  2026-02-18: al in cache, overgeslagen
  2026-02-19: al in cache, overgeslagen
  2026-02-20: al in cache, overgeslagen
  2026-02-21: al in cache, overgeslagen
  2026-02-22: al in cache, overgeslagen
  2026-02-23: al in cache, overgeslagen
  2026-02-24: al in cache, overgeslagen
  2026-02-25: al in cache, overgeslagen
  2026-02-26: al in cache, overgeslagen
  2026-02-27: al in cache, overgeslagen
  2026-02-28: al in cache, overgeslagen
  2026-03-01: al in cache, overgeslagen
  2026-03-02: al in cache, overgeslagen
  2026-03-03: al in cache, overgeslagen
  2026-03-04: al in cache, overgeslagen
  2026-03-05: al in cache, overgeslagen
  2026-03-06: al in cache, overgeslagen
  2026-03-07: al in cache, overgeslagen
  2026-03-08: al in cache, overgeslagen
  2026-03-09: al in cache, overgeslagen
  2026-03-10: al in cache, overgeslagen
  2026-03-11: al in cache, overgeslagen
  2026-03-12: al in cache, overgeslagen

toplijst.json bijgewerkt (72 dagen)
index.json: 59 kaarten
=== Klaar ===
=== 2026-03-13 15:30:05 ===
MOSMIX ophalen (temperatuur)...
Ophalen: Eelde (06280)...
Ophalen: Terschelling (06250)...
Ophalen: Vlieland (06242)...
Ophalen: Leeuwarden (06270)...
Ophalen: Den Helder (06235)...
Ophalen: Amsterdam (06240)...
Ophalen: De Bilt (06260)...
Ophalen: Deelen (06275)...
Ophalen: Hoogeveen (06279)...
Ophalen: Enschede (06290)...
Ophalen: Vlissingen (06310)...
Ophalen: Hoek van Holland (06330)...
Ophalen: Rotterdam Airport (06344)...
Ophalen: Gilze Rijen (06350)...
Ophalen: Eindhoven (06370)...
Ophalen: Maastricht (06380)...
Ophalen: Gent (06431)...
Ophalen: Antwerpen (06450)...
Ophalen: Kleve (K1176)...
Ophalen: Brussel (06451)...
Ophalen: Kleine Brogel (06479)...
Ophalen: Dollart (E207)...
Ophalen: Wielen (P0122)...
Ophalen: Weeze (10405)...
Ophalen: Valkenburg (06210)...
Ophalen: Volkel (06375)...
Ophalen: Bocholt (10406)...
Ophalen: Nettetal (H512)...
Ophalen: IJsselmeer (E5305)...
Ophalen: Borkum (K1083)...
Data voor 10 dagen
Kaart: kaart_vrijdag_13mar2026.png
Kaart: kaart_zaterdag_14mar2026.png
Kaart: kaart_zondag_15mar2026.png
Kaart: kaart_maandag_16mar2026.png
Kaart: kaart_dinsdag_17mar2026.png
Kaart: kaart_woensdag_18mar2026.png
Kaart: kaart_donderdag_19mar2026.png
Kaart: kaart_vrijdag_20mar2026.png
Kaart: kaart_zaterdag_21mar2026.png
Kaart: kaart_zondag_22mar2026.png
MOSMIX ophalen (neerslag)...
Ophalen: Eelde (06280)...
Ophalen: Terschelling (06250)...
Ophalen: Vlieland (06242)...
Ophalen: Leeuwarden (06270)...
Ophalen: Den Helder (06235)...
Ophalen: Amsterdam (06240)...
Ophalen: De Bilt (06260)...
Ophalen: Deelen (06275)...
Ophalen: Hoogeveen (06279)...
Ophalen: Enschede (06290)...
Ophalen: Vlissingen (06310)...
Ophalen: Hoek van Holland (06330)...
Ophalen: Rotterdam Airport (06344)...
Ophalen: Gilze Rijen (06350)...
Ophalen: Eindhoven (06370)...
Ophalen: Maastricht (06380)...
Ophalen: Gent (06431)...
Ophalen: Antwerpen (06450)...
Ophalen: Kleve (K1176)...
Ophalen: Brussel (06451)...
Ophalen: Kleine Brogel (06479)...
Ophalen: Dollart (E207)...
Ophalen: Wielen (P0122)...
Ophalen: Weeze (10405)...
Ophalen: Valkenburg (06210)...
Ophalen: Volkel (06375)...
Ophalen: Bocholt (10406)...
Ophalen: Nettetal (H512)...
Ophalen: IJsselmeer (E5305)...
Ophalen: Borkum (K1083)...
Data voor 10 dagen
Kaart: kaart_regen_vrijdag_13mar2026.png
Kaart: kaart_regen_zaterdag_14mar2026.png
Kaart: kaart_regen_zondag_15mar2026.png
Kaart: kaart_regen_maandag_16mar2026.png
Kaart: kaart_regen_dinsdag_17mar2026.png
Kaart: kaart_regen_woensdag_18mar2026.png
Kaart: kaart_regen_donderdag_19mar2026.png
Kaart: kaart_regen_vrijdag_20mar2026.png
Kaart: kaart_regen_zaterdag_21mar2026.png
Kaart: kaart_regen_zondag_22mar2026.png
MOSMIX ophalen (wind dag 06-18u)...
Ophalen: Eelde (06280)...
Ophalen: Terschelling (06250)...
Ophalen: Vlieland (06242)...
Ophalen: Leeuwarden (06270)...
Ophalen: Den Helder (06235)...
Ophalen: Amsterdam (06240)...
Ophalen: De Bilt (06260)...
Ophalen: Deelen (06275)...
Ophalen: Hoogeveen (06279)...
Ophalen: Enschede (06290)...
Ophalen: Vlissingen (06310)...
Ophalen: Hoek van Holland (06330)...
Ophalen: Rotterdam Airport (06344)...
Ophalen: Gilze Rijen (06350)...
Ophalen: Eindhoven (06370)...
Ophalen: Maastricht (06380)...
Ophalen: Gent (06431)...
Ophalen: Antwerpen (06450)...
Ophalen: Kleve (K1176)...
Ophalen: Brussel (06451)...
Ophalen: Kleine Brogel (06479)...
Ophalen: Dollart (E207)...
Ophalen: Wielen (P0122)...
Ophalen: Weeze (10405)...
Ophalen: Valkenburg (06210)...
Ophalen: Volkel (06375)...
Ophalen: Bocholt (10406)...
Ophalen: Nettetal (H512)...
Ophalen: IJsselmeer (E5305)...
Ophalen: Borkum (K1083)...
Data voor 10 dagen
Kaart: kaart_wind_vrijdag_13mar2026.png
Kaart: kaart_wind_zaterdag_14mar2026.png
Kaart: kaart_wind_zondag_15mar2026.png
Kaart: kaart_wind_maandag_16mar2026.png
Kaart: kaart_wind_dinsdag_17mar2026.png
Kaart: kaart_wind_woensdag_18mar2026.png
Kaart: kaart_wind_donderdag_19mar2026.png
Kaart: kaart_wind_vrijdag_20mar2026.png
Kaart: kaart_wind_zaterdag_21mar2026.png
Kaart: kaart_wind_zondag_22mar2026.png
MOSMIX ophalen (wind nacht 18-06u)...
Ophalen: Eelde (06280)...
Ophalen: Terschelling (06250)...
Ophalen: Vlieland (06242)...
Ophalen: Leeuwarden (06270)...
Ophalen: Den Helder (06235)...
Ophalen: Amsterdam (06240)...
Ophalen: De Bilt (06260)...
Ophalen: Deelen (06275)...
Ophalen: Hoogeveen (06279)...
Ophalen: Enschede (06290)...
Ophalen: Vlissingen (06310)...
Ophalen: Hoek van Holland (06330)...
Ophalen: Rotterdam Airport (06344)...
Ophalen: Gilze Rijen (06350)...
Ophalen: Eindhoven (06370)...
Ophalen: Maastricht (06380)...
Ophalen: Gent (06431)...
Ophalen: Antwerpen (06450)...
Ophalen: Kleve (K1176)...
Ophalen: Brussel (06451)...
Ophalen: Kleine Brogel (06479)...
Ophalen: Dollart (E207)...
Ophalen: Wielen (P0122)...
Ophalen: Weeze (10405)...
Ophalen: Valkenburg (06210)...
Ophalen: Volkel (06375)...
Ophalen: Bocholt (10406)...
Ophalen: Nettetal (H512)...
Ophalen: IJsselmeer (E5305)...
Ophalen: Borkum (K1083)...
Data voor 10 dagen
Kaart: kaart_wind_nacht_vrijdag_13mar2026.png
Kaart: kaart_wind_nacht_zaterdag_14mar2026.png
Kaart: kaart_wind_nacht_zondag_15mar2026.png
Kaart: kaart_wind_nacht_maandag_16mar2026.png
Kaart: kaart_wind_nacht_dinsdag_17mar2026.png
Kaart: kaart_wind_nacht_woensdag_18mar2026.png
Kaart: kaart_wind_nacht_donderdag_19mar2026.png
Kaart: kaart_wind_nacht_vrijdag_20mar2026.png
Kaart: kaart_wind_nacht_zaterdag_21mar2026.png
Kaart: kaart_wind_nacht_zondag_22mar2026.png
MOSMIX ophalen (mist/zichtbaarheid)...
Ophalen: Eelde (06280)...
Ophalen: Terschelling (06250)...
Ophalen: Vlieland (06242)...
Ophalen: Leeuwarden (06270)...
Ophalen: Den Helder (06235)...
Ophalen: Amsterdam (06240)...
Ophalen: De Bilt (06260)...
Ophalen: Deelen (06275)...
Ophalen: Hoogeveen (06279)...
Ophalen: Enschede (06290)...
Ophalen: Vlissingen (06310)...
Ophalen: Hoek van Holland (06330)...
Ophalen: Rotterdam Airport (06344)...
Ophalen: Gilze Rijen (06350)...
Ophalen: Eindhoven (06370)...
Ophalen: Maastricht (06380)...
Ophalen: Gent (06431)...
Ophalen: Antwerpen (06450)...
Ophalen: Kleve (K1176)...
Ophalen: Brussel (06451)...
Ophalen: Kleine Brogel (06479)...
Ophalen: Dollart (E207)...
Ophalen: Wielen (P0122)...
Ophalen: Weeze (10405)...
Ophalen: Valkenburg (06210)...
Ophalen: Volkel (06375)...
Ophalen: Bocholt (10406)...
Ophalen: Nettetal (H512)...
Ophalen: IJsselmeer (E5305)...
Ophalen: Borkum (K1083)...
Ophalen: Geilenkirchen (10500)...
Data voor 10 dagen
Kaart: kaart_mist_vrijdag_13mar2026.png
Kaart: kaart_mist_zaterdag_14mar2026.png
Kaart: kaart_mist_zondag_15mar2026.png
Kaart: kaart_mist_maandag_16mar2026.png
Kaart: kaart_mist_dinsdag_17mar2026.png
Kaart: kaart_mist_woensdag_18mar2026.png
Kaart: kaart_mist_donderdag_19mar2026.png
Kaart: kaart_mist_vrijdag_20mar2026.png
Kaart: kaart_mist_zaterdag_21mar2026.png
Kaart: kaart_mist_zondag_22mar2026.png
MOSMIX ophalen (T5cm grastemperatuur)...
Ophalen: Eelde (06280)...
Ophalen: Terschelling (06250)...
Ophalen: Vlieland (06242)...
Ophalen: Leeuwarden (06270)...
Ophalen: Den Helder (06235)...
Ophalen: Amsterdam (06240)...
Ophalen: De Bilt (06260)...
Ophalen: Deelen (06275)...
Ophalen: Hoogeveen (06279)...
Ophalen: Enschede (06290)...
Ophalen: Vlissingen (06310)...
Ophalen: Hoek van Holland (06330)...
Ophalen: Rotterdam Airport (06344)...
Ophalen: Gilze Rijen (06350)...
Ophalen: Eindhoven (06370)...
Ophalen: Maastricht (06380)...
Ophalen: Gent (06431)...
Ophalen: Antwerpen (06450)...
Ophalen: Kleve (K1176)...
Ophalen: Brussel (06451)...
Ophalen: Kleine Brogel (06479)...
Ophalen: Dollart (E207)...
Ophalen: Wielen (P0122)...
Ophalen: Weeze (10405)...
Ophalen: Valkenburg (06210)...
Ophalen: Volkel (06375)...
Ophalen: Bocholt (10406)...
Ophalen: Nettetal (H512)...
Ophalen: IJsselmeer (E5305)...
Ophalen: Borkum (K1083)...
Ophalen: Geilenkirchen (10500)...
Data voor 10 dagen
Kaart: kaart_t5cm_vrijdag_13mar2026.png
Kaart: kaart_t5cm_zaterdag_14mar2026.png
Kaart: kaart_t5cm_zondag_15mar2026.png
Kaart: kaart_t5cm_maandag_16mar2026.png
Kaart: kaart_t5cm_dinsdag_17mar2026.png
Kaart: kaart_t5cm_woensdag_18mar2026.png
Kaart: kaart_t5cm_donderdag_19mar2026.png
Kaart: kaart_t5cm_vrijdag_20mar2026.png
Kaart: kaart_t5cm_zaterdag_21mar2026.png
Kaart: kaart_t5cm_zondag_22mar2026.png
MOSMIX ophalen (zon/bewolking)...
Ophalen: Eelde (06280)...
Ophalen: Terschelling (06250)...
Ophalen: Vlieland (06242)...
Ophalen: Leeuwarden (06270)...
Ophalen: Den Helder (06235)...
Ophalen: Amsterdam (06240)...
Ophalen: De Bilt (06260)...
Ophalen: Deelen (06275)...
Ophalen: Hoogeveen (06279)...
Ophalen: Enschede (06290)...
Ophalen: Vlissingen (06310)...
Ophalen: Hoek van Holland (06330)...
Ophalen: Rotterdam Airport (06344)...
Ophalen: Gilze Rijen (06350)...
Ophalen: Eindhoven (06370)...
Ophalen: Maastricht (06380)...
Ophalen: Gent (06431)...
Ophalen: Antwerpen (06450)...
Ophalen: Kleve (K1176)...
Ophalen: Brussel (06451)...
Ophalen: Kleine Brogel (06479)...
Ophalen: Dollart (E207)...
Ophalen: Wielen (P0122)...
Ophalen: Weeze (10405)...
Ophalen: Valkenburg (06210)...
Ophalen: Volkel (06375)...
Ophalen: Bocholt (10406)...
Ophalen: Nettetal (H512)...
Ophalen: IJsselmeer (E5305)...
Ophalen: Borkum (K1083)...
Data voor 10 dagen
Kaart: kaart_zon_vrijdag_13mar2026.png
Kaart: kaart_zon_zaterdag_14mar2026.png
Kaart: kaart_zon_zondag_15mar2026.png
Kaart: kaart_zon_maandag_16mar2026.png
Kaart: kaart_zon_dinsdag_17mar2026.png
Kaart: kaart_zon_woensdag_18mar2026.png
Kaart: kaart_zon_donderdag_19mar2026.png
Kaart: kaart_zon_vrijdag_20mar2026.png
Kaart: kaart_zon_zaterdag_21mar2026.png
Kaart: kaart_zon_zondag_22mar2026.png
/Users/aldus/Desktop/KNMI_Project/weerkaarten 2/maak_grafiek.py:158: DeprecationWarning: Testing an element's truth value will always return True in future versions.  Use specific 'len(elem)' or 'elem is not None' test instead.
  root = cache_root.get(code) or download_kmz(code)
MOSMIX ophalen (trend)...
  De Bilt (06260)...
  De Kooy (06235)...
  Eelde (06280)...
  Vlissingen (06310)...
  Beek (06380)...
  Rotterdam (06344)...
  Hoek v. Holland (06330)...
  Twenthe (06290)...
  Wind Vlieland (06242)...
  Wind De Kooy (06235)...
  Wind Leeuwarden (06270)...
  Wind Hoek v. Holland (06330)...
  Wind Vlissingen (06310)...
Grafiek opgeslagen: grafiek_trend.png
Bestaande data geladen: 72 dagen
  Ophalen 2026-03-13 (tot nu)...
    TX top3: [(11.4, 'Wijk aan Zee'), (11.4, 'Westdorpe'), (11.2, 'Woensdrecht')]
    TN top3: [(5.2, 'Eindhoven'), (5.8, 'Deelen'), (5.8, 'Leeuwarden')]
    RR top3: [(12.2, 'Westdorpe'), (10.6, 'Eindhoven'), (10.4, 'Ell')]
  2026-01-01: al in cache, overgeslagen
  2026-01-02: al in cache, overgeslagen
  2026-01-03: al in cache, overgeslagen
  2026-01-04: al in cache, overgeslagen
  2026-01-05: al in cache, overgeslagen
  2026-01-06: al in cache, overgeslagen
  2026-01-07: al in cache, overgeslagen
  2026-01-08: al in cache, overgeslagen
  2026-01-09: al in cache, overgeslagen
  2026-01-10: al in cache, overgeslagen
  2026-01-11: al in cache, overgeslagen
  2026-01-12: al in cache, overgeslagen
  2026-01-13: al in cache, overgeslagen
  2026-01-14: al in cache, overgeslagen
  2026-01-15: al in cache, overgeslagen
  2026-01-16: al in cache, overgeslagen
  2026-01-17: al in cache, overgeslagen
  2026-01-18: al in cache, overgeslagen
  2026-01-19: al in cache, overgeslagen
  2026-01-20: al in cache, overgeslagen
  2026-01-21: al in cache, overgeslagen
  2026-01-22: al in cache, overgeslagen
  2026-01-23: al in cache, overgeslagen
  2026-01-24: al in cache, overgeslagen
  2026-01-25: al in cache, overgeslagen
  2026-01-26: al in cache, overgeslagen
  2026-01-27: al in cache, overgeslagen
  2026-01-28: al in cache, overgeslagen
  2026-01-29: al in cache, overgeslagen
  2026-01-30: al in cache, overgeslagen
  2026-01-31: al in cache, overgeslagen
  2026-02-01: al in cache, overgeslagen
  2026-02-02: al in cache, overgeslagen
  2026-02-03: al in cache, overgeslagen
  2026-02-04: al in cache, overgeslagen
  2026-02-05: al in cache, overgeslagen
  2026-02-06: al in cache, overgeslagen
  2026-02-07: al in cache, overgeslagen
  2026-02-08: al in cache, overgeslagen
  2026-02-09: al in cache, overgeslagen
  2026-02-10: al in cache, overgeslagen
  2026-02-11: al in cache, overgeslagen
  2026-02-12: al in cache, overgeslagen
  2026-02-13: al in cache, overgeslagen
  2026-02-14: al in cache, overgeslagen
  2026-02-15: al in cache, overgeslagen
  2026-02-16: al in cache, overgeslagen
  2026-02-17: al in cache, overgeslagen
  2026-02-18: al in cache, overgeslagen
  2026-02-19: al in cache, overgeslagen
  2026-02-20: al in cache, overgeslagen
  2026-02-21: al in cache, overgeslagen
  2026-02-22: al in cache, overgeslagen
  2026-02-23: al in cache, overgeslagen
  2026-02-24: al in cache, overgeslagen
  2026-02-25: al in cache, overgeslagen
  2026-02-26: al in cache, overgeslagen
  2026-02-27: al in cache, overgeslagen
  2026-02-28: al in cache, overgeslagen
  2026-03-01: al in cache, overgeslagen
  2026-03-02: al in cache, overgeslagen
  2026-03-03: al in cache, overgeslagen
  2026-03-04: al in cache, overgeslagen
  2026-03-05: al in cache, overgeslagen
  2026-03-06: al in cache, overgeslagen
  2026-03-07: al in cache, overgeslagen
  2026-03-08: al in cache, overgeslagen
  2026-03-09: al in cache, overgeslagen
  2026-03-10: al in cache, overgeslagen
  2026-03-11: al in cache, overgeslagen
  2026-03-12: al in cache, overgeslagen

toplijst.json bijgewerkt (72 dagen)
index.json: 80 kaarten
=== Klaar ===
