=== tekort run gestart Thu Apr 23 06:00:05 CEST 2026 ===
============================================================
knmi_ev24.py — EV24 Makkink verdamping, AWS-stations
============================================================
12 unieke AWS-stations te downloaden
  Cache (0d): stn 235 (De Kooy)
  Cache (0d): stn 240 (Schiphol)
  Cache (0d): stn 249 (Berkhout)
  Cache (0d): stn 251 (Hoorn Terschelling)
  Cache (0d): stn 260 (De Bilt)
  Cache (0d): stn 278 (Heino)
  Cache (0d): stn 280 (Eelde)
  Cache (0d): stn 283 (Hupsel)
  Cache (0d): stn 310 (Vlissingen)
  Cache (0d): stn 319 (Westdorpe)
  Cache (0d): stn 350 (Gilze-Rijen)
  Cache (0d): stn 377 (Ell)

Klaar. Cache: /Users/aldus/KNMI_Project/weerkaarten 2/ev24_cache
============================================================
openmeteo_tekort_forecast.py — 15-daagse forecast
============================================================
  235 De Kooy Airport (52.928, 4.781) …
  240 Schiphol Airport (52.318, 4.79) …
  249 Berkhout (52.644, 4.979) …
  251 Hoorn Terschelling (53.392, 5.346) …
  260 De Bilt (52.1, 5.18) …
  278 Heino (52.435, 6.259) …
  280 Groningen Airport Eelde (53.125, 6.585) …
  283 Hupsel (52.069, 6.657) …
  310 Vlissingen (51.442, 3.596) …
  319 Westdorpe (51.226, 3.861) …
  350 Gilze-Rijen Airport (51.566, 4.936) …
  377 Ell (51.198, 5.763) …

✓ /Users/aldus/KNMI_Project/weerkaarten 2/tekort_forecast.json  (91.9 kB)
  Stations: 12/12
  Dagen:    2026-04-23 … 2026-05-08 (16 dagen)
============================================================
knmi_tekort.py — Neerslagtekort P13
============================================================

Laden neerslag + verdamping …
  011 West-Terschelling    ← AWS 251  P13:2026-03-10  AWS-RH:2026-04-20  EV:1994-06-01–2026-04-20
  025 De Kooy              ← AWS 235  P13:2026-03-10  AWS-RH:2026-04-20  EV:1964-11-01–2026-04-20
  139 Groningen            ← AWS 280  P13:2026-03-10  AWS-RH:2026-04-20  EV:1965-01-01–2026-04-20
  144 Ter Apel             ← AWS 280  P13:2026-03-10  AWS-RH:2026-04-20  EV:1965-01-01–2026-04-20
  222 Hoorn                ← AWS 249  (P13 leeg, AWS-RH vervangt volledig)
  222 Hoorn                ← AWS 249  P13:n.v.t.  AWS-RH:2026-04-20  EV:1999-03-23–2026-04-20
  328 Heerde               ← AWS 278  P13:2026-03-10  AWS-RH:2026-04-20  EV:1993-07-16–2026-04-20
  438 Hoofddorp            ← AWS 240  P13:2026-03-10  AWS-RH:2026-04-20  EV:1987-09-11–2026-04-20
  550 De Bilt              ← AWS 260  P13:2026-03-10  AWS-RH:2026-04-20  EV:1957-07-01–2026-04-20
  666 Winterswijk          ← AWS 283  P13:2026-03-10  AWS-RH:2026-04-20  EV:1989-10-19–2026-04-20
  737 Kerkwerve            ← AWS 310  P13:2026-03-10  AWS-RH:2026-04-20  EV:1963-07-01–2026-04-20
  770 Westdorpe            ← AWS 319  P13:2026-03-10  AWS-RH:2026-04-20  EV:1991-06-25–2026-04-20
  828 Oudenbosch           ← AWS 350  P13:2026-03-10  AWS-RH:2026-04-20  EV:1987-04-03–2026-04-20
  961 Roermond             ← AWS 377  P13:2026-03-10  AWS-RH:2026-04-20  EV:1999-07-15–2026-04-20

Near-real-time AWS-RH gebruiken voor dagen na P13-cutoff …
  011 West-Terschelling   : +41 dagen AWS-fill (2026-03-11–2026-04-20)
  025 De Kooy             : +41 dagen AWS-fill (2026-03-11–2026-04-20)
  139 Groningen           : +41 dagen AWS-fill (2026-03-11–2026-04-20)
  144 Ter Apel            : +41 dagen AWS-fill (2026-03-11–2026-04-20)
  328 Heerde              : +41 dagen AWS-fill (2026-03-11–2026-04-20)
  438 Hoofddorp           : +41 dagen AWS-fill (2026-03-11–2026-04-20)
  550 De Bilt             : +41 dagen AWS-fill (2026-03-11–2026-04-20)
  666 Winterswijk         : +41 dagen AWS-fill (2026-03-11–2026-04-20)
  737 Kerkwerve           : +41 dagen AWS-fill (2026-03-11–2026-04-20)
  770 Westdorpe           : +41 dagen AWS-fill (2026-03-11–2026-04-20)
  828 Oudenbosch          : +41 dagen AWS-fill (2026-03-11–2026-04-20)
  961 Roermond            : +41 dagen AWS-fill (2026-03-11–2026-04-20)

Forecast-data laden (Open-Meteo) …
  12 stations, ensemble voor 12
  Periode: 2026-04-23–2026-05-08
  Forecast-extensie geactiveerd vanaf 2026-04-23

Landelijk gemiddelde berekenen …
Klimatologie-envelope berekenen …
Ensemble-waaier berekenen …

✓ JSON: /Users/aldus/KNMI_Project/weerkaarten 2/tekort_data.json  (4375 kB)
✓ JS:   /Users/aldus/KNMI_Project/weerkaarten 2/tekort_data.js  (4375 kB)

── Huidig jaar 2026 op 2026-04-23 ──
  Landelijk tekort (sinds 1 jan): 46.1 mm
  Landelijk tekort (sinds 1 apr): 39.8 mm

── Top-10 droogste stations nu ──
   1. Kerkwerve              63.2 mm
   2. Westdorpe              54.2 mm
   3. De Bilt                52.2 mm
   4. De Kooy                47.3 mm
   5. Oudenbosch             46.5 mm
   6. Roermond               45.9 mm
   7. Hoorn                  44.9 mm
   8. West-Terschelling      43.9 mm
   9. Heerde                 43.1 mm
  10. Hoofddorp              42.0 mm

── Landelijk ranking (vanaf 1 jan) — top 10 + huidig ──
  #  1 2020:    89.8 mm
  #  2 2025:    84.0 mm
  #  3 2003:    76.1 mm
  #  4 2011:    76.0 mm
  #  5 2007:    75.1 mm
  #  6 1974:    69.2 mm
  #  7 2019:    66.7 mm
  #  8 1996:    58.0 mm
  #  9 1976:    55.4 mm
  # 10 2022:    52.9 mm
  # 16 2026:    46.1 mm  ← huidig jaar
[main b4df0afa] tekort update 2026-04-23 06:00
 3 files changed, 3 insertions(+), 3 deletions(-)
[ok] gepusht naar weerlab.nl
=== Klaar Thu Apr 23 06:00:48 CEST 2026 ===
